Component: ARM Compiler 5.05 update 1 (build 106) Tool: armlink [4d0efa]

==============================================================================

Section Cross References

    rc_proc.o(i.rc_data_proc) refers to rc_proc.o(.data) for Rc_Pwm_Capt_TEMP
    mpu6050.o(i.MPU_DataProc) refers to mpu6050.o(.data) for Acc_CALIBRATE
    mpu6050.o(i.MPU_DataProc) refers to mpu6050.o(.bss) for sum_temp
    mpu6050.o(i.MPU_Get_Accelerometer) refers to mpu6050.o(i.MPU_Read_Len) for MPU_Read_Len
    mpu6050.o(i.MPU_Get_Gyroscope) refers to mpu6050.o(i.MPU_Read_Len) for MPU_Read_Len
    mpu6050.o(i.MPU_Get_Temperature) refers to mpu6050.o(i.MPU_Read_Len) for MPU_Read_Len
    mpu6050.o(i.MPU_Get_Temperature) refers to dflt_clz.o(x$fpl$dflt) for __aeabi_i2d
    mpu6050.o(i.MPU_Get_Temperature) refers to ddiv.o(x$fpl$ddiv) for __aeabi_ddiv
    mpu6050.o(i.MPU_Get_Temperature) refers to daddsub_clz.o(x$fpl$dadd) for __aeabi_dadd
    mpu6050.o(i.MPU_Get_Temperature) refers to d2f.o(x$fpl$d2f) for __aeabi_d2f
    mpu6050.o(i.MPU_Init) refers to i2cdev.o(i.IIC_Init) for IIC_Init
    mpu6050.o(i.MPU_Init) refers to mpu6050.o(i.MPU_Write_Byte) for MPU_Write_Byte
    mpu6050.o(i.MPU_Init) refers to my_delay.o(i.my_delay_ms) for my_delay_ms
    mpu6050.o(i.MPU_Init) refers to mpu6050.o(i.MPU_Set_Gyro_Fsr) for MPU_Set_Gyro_Fsr
    mpu6050.o(i.MPU_Init) refers to mpu6050.o(i.MPU_Set_Accel_Fsr) for MPU_Set_Accel_Fsr
    mpu6050.o(i.MPU_Init) refers to mpu6050.o(i.MPU_Set_Rate) for MPU_Set_Rate
    mpu6050.o(i.MPU_Init) refers to mpu6050.o(i.MPU_Set_LPF) for MPU_Set_LPF
    mpu6050.o(i.MPU_ReadData) refers to mpu6050.o(i.MPU_Read_Len) for MPU_Read_Len
    mpu6050.o(i.MPU_Read_Byte) refers to i2cdev.o(i.IIC_Start) for IIC_Start
    mpu6050.o(i.MPU_Read_Byte) refers to i2cdev.o(i.IIC_Send_Byte) for IIC_Send_Byte
    mpu6050.o(i.MPU_Read_Byte) refers to i2cdev.o(i.IIC_Wait_Ack) for IIC_Wait_Ack
    mpu6050.o(i.MPU_Read_Byte) refers to i2cdev.o(i.IIC_Read_Byte) for IIC_Read_Byte
    mpu6050.o(i.MPU_Read_Byte) refers to i2cdev.o(i.IIC_Stop) for IIC_Stop
    mpu6050.o(i.MPU_Read_Len) refers to i2cdev.o(i.IIC_Start) for IIC_Start
    mpu6050.o(i.MPU_Read_Len) refers to i2cdev.o(i.IIC_Send_Byte) for IIC_Send_Byte
    mpu6050.o(i.MPU_Read_Len) refers to i2cdev.o(i.IIC_Wait_Ack) for IIC_Wait_Ack
    mpu6050.o(i.MPU_Read_Len) refers to i2cdev.o(i.IIC_Stop) for IIC_Stop
    mpu6050.o(i.MPU_Read_Len) refers to i2cdev.o(i.IIC_Read_Byte) for IIC_Read_Byte
    mpu6050.o(i.MPU_Set_Accel_Fsr) refers to mpu6050.o(i.MPU_Write_Byte) for MPU_Write_Byte
    mpu6050.o(i.MPU_Set_Gyro_Fsr) refers to mpu6050.o(i.MPU_Write_Byte) for MPU_Write_Byte
    mpu6050.o(i.MPU_Set_LPF) refers to mpu6050.o(i.MPU_Write_Byte) for MPU_Write_Byte
    mpu6050.o(i.MPU_Set_Rate) refers to mpu6050.o(i.MPU_Write_Byte) for MPU_Write_Byte
    mpu6050.o(i.MPU_Write_Byte) refers to i2cdev.o(i.IIC_Start) for IIC_Start
    mpu6050.o(i.MPU_Write_Byte) refers to i2cdev.o(i.IIC_Send_Byte) for IIC_Send_Byte
    mpu6050.o(i.MPU_Write_Byte) refers to i2cdev.o(i.IIC_Wait_Ack) for IIC_Wait_Ack
    mpu6050.o(i.MPU_Write_Byte) refers to i2cdev.o(i.IIC_Stop) for IIC_Stop
    mpu6050.o(i.MPU_Write_Len) refers to i2cdev.o(i.IIC_Start) for IIC_Start
    mpu6050.o(i.MPU_Write_Len) refers to i2cdev.o(i.IIC_Send_Byte) for IIC_Send_Byte
    mpu6050.o(i.MPU_Write_Len) refers to i2cdev.o(i.IIC_Wait_Ack) for IIC_Wait_Ack
    mpu6050.o(i.MPU_Write_Len) refers to i2cdev.o(i.IIC_Stop) for IIC_Stop
    hmc5883l.o(i.HMCInit) refers to hmc5883l.o(i.HMC_Write_Byte) for HMC_Write_Byte
    hmc5883l.o(i.HMCInit) refers to my_delay.o(i.my_delay_ms) for my_delay_ms
    hmc5883l.o(i.HMC_Read_Byte) refers to i2cdev.o(i.IIC_Start) for IIC_Start
    hmc5883l.o(i.HMC_Read_Byte) refers to i2cdev.o(i.IIC_Send_Byte) for IIC_Send_Byte
    hmc5883l.o(i.HMC_Read_Byte) refers to i2cdev.o(i.IIC_Wait_Ack) for IIC_Wait_Ack
    hmc5883l.o(i.HMC_Read_Byte) refers to i2cdev.o(i.IIC_Read_Byte) for IIC_Read_Byte
    hmc5883l.o(i.HMC_Read_Byte) refers to i2cdev.o(i.IIC_Stop) for IIC_Stop
    hmc5883l.o(i.HMC_Read_Len) refers to i2cdev.o(i.IIC_Start) for IIC_Start
    hmc5883l.o(i.HMC_Read_Len) refers to i2cdev.o(i.IIC_Send_Byte) for IIC_Send_Byte
    hmc5883l.o(i.HMC_Read_Len) refers to i2cdev.o(i.IIC_Wait_Ack) for IIC_Wait_Ack
    hmc5883l.o(i.HMC_Read_Len) refers to i2cdev.o(i.IIC_Stop) for IIC_Stop
    hmc5883l.o(i.HMC_Read_Len) refers to i2cdev.o(i.IIC_Read_Byte) for IIC_Read_Byte
    hmc5883l.o(i.HMC_Run) refers to hmc5883l.o(i.HMC_Write_Byte) for HMC_Write_Byte
    hmc5883l.o(i.HMC_Write_Byte) refers to i2cdev.o(i.IIC_Start) for IIC_Start
    hmc5883l.o(i.HMC_Write_Byte) refers to i2cdev.o(i.IIC_Send_Byte) for IIC_Send_Byte
    hmc5883l.o(i.HMC_Write_Byte) refers to i2cdev.o(i.IIC_Wait_Ack) for IIC_Wait_Ack
    hmc5883l.o(i.HMC_Write_Byte) refers to i2cdev.o(i.IIC_Stop) for IIC_Stop
    hmc5883l.o(i.HMC_Write_Len) refers to i2cdev.o(i.IIC_Start) for IIC_Start
[...]
    OS_IdleTask                              0x08006485   Thumb Code    50  os_core.o(i.OS_IdleTask)
    OS_IdleTaskInit                          0x080064bd   Thumb Code    66  os_core.o(i.OS_IdleTaskInit)
    OS_IntQPost                              0x0800652d   Thumb Code   216  os_int.o(i.OS_IntQPost)
    OS_IntQRePost                            0x08006629   Thumb Code   302  os_int.o(i.OS_IntQRePost)
    OS_IntQTask                              0x08006781   Thumb Code   162  os_int.o(i.OS_IntQTask)
    OS_IntQTaskInit                          0x08006835   Thumb Code   206  os_int.o(i.OS_IntQTaskInit)
    OS_MemDbgListAdd                         0x0800695d   Thumb Code    34  os_mem.o(i.OS_MemDbgListAdd)
    OS_MemInit                               0x08006985   Thumb Code    14  os_mem.o(i.OS_MemInit)
    OS_MsgPoolCreate                         0x0800699d   Thumb Code    54  os_msg.o(i.OS_MsgPoolCreate)
    OS_MsgPoolInit                           0x080069d5   Thumb Code    70  os_msg.o(i.OS_MsgPoolInit)
    OS_MsgQFreeAll                           0x08006a29   Thumb Code    62  os_msg.o(i.OS_MsgQFreeAll)
    OS_MsgQGet                               0x08006a6d   Thumb Code    98  os_msg.o(i.OS_MsgQGet)
    OS_MsgQInit                              0x08006ad5   Thumb Code    14  os_msg.o(i.OS_MsgQInit)
    OS_MsgQPut                               0x08006ae5   Thumb Code   246  os_msg.o(i.OS_MsgQPut)
    OS_MutexDbgListAdd                       0x08006be1   Thumb Code    38  os_mutex.o(i.OS_MutexDbgListAdd)
    OS_MutexInit                             0x08006c11   Thumb Code    14  os_mutex.o(i.OS_MutexInit)
    OS_Pend                                  0x08006c29   Thumb Code    98  os_core.o(i.OS_Pend)
    OS_PendDataInit                          0x08006c91   Thumb Code    38  os_core.o(i.OS_PendDataInit)
    OS_PendDbgNameAdd                        0x08006cb9   Thumb Code    66  os_core.o(i.OS_PendDbgNameAdd)
    OS_PendDbgNameRemove                     0x08006d15   Thumb Code    30  os_core.o(i.OS_PendDbgNameRemove)
    OS_PendListChangePrio                    0x08006d39   Thumb Code    70  os_core.o(i.OS_PendListChangePrio)
    OS_PendListInit                          0x08006d7f   Thumb Code    10  os_core.o(i.OS_PendListInit)
    OS_PendListInsertPrio                    0x08006d89   Thumb Code   102  os_core.o(i.OS_PendListInsertPrio)
    OS_PendListRemove                        0x08006def   Thumb Code    48  os_core.o(i.OS_PendListRemove)
    OS_PendListRemove1                       0x08006e1f   Thumb Code    66  os_core.o(i.OS_PendListRemove1)
    OS_Post                                  0x08006e61   Thumb Code   192  os_core.o(i.OS_Post)
    OS_Post1                                 0x08006f21   Thumb Code    42  os_core.o(i.OS_Post1)
    OS_PrioGetHighest                        0x08006f4d   Thumb Code    36  os_prio.o(i.OS_PrioGetHighest)
    OS_PrioInit                              0x08006f75   Thumb Code    20  os_prio.o(i.OS_PrioInit)
    OS_PrioInsert                            0x08006f8d   Thumb Code    32  os_prio.o(i.OS_PrioInsert)
    OS_PrioRemove                            0x08006fb1   Thumb Code    32  os_prio.o(i.OS_PrioRemove)
    OS_QInit                                 0x08006fd5   Thumb Code    14  os_q.o(i.OS_QInit)
    OS_QPost                                 0x08006fed   Thumb Code   324  os_q.o(i.OS_QPost)
    OS_RdyListInit                           0x08007139   Thumb Code    32  os_core.o(i.OS_RdyListInit)
    OS_RdyListInsert                         0x0800715d   Thumb Code    40  os_core.o(i.OS_RdyListInsert)
    OS_RdyListInsertHead                     0x08007189   Thumb Code    58  os_core.o(i.OS_RdyListInsertHead)
    OS_RdyListInsertTail                     0x080071c9   Thumb Code    56  os_core.o(i.OS_RdyListInsertTail)
    OS_RdyListRemove                         0x08007205   Thumb Code    86  os_core.o(i.OS_RdyListRemove)
    OS_Sched0                                0x08007261   Thumb Code    68  os_core.o(i.OS_Sched0)
    OS_SemDbgListAdd                         0x080072b5   Thumb Code    38  os_sem.o(i.OS_SemDbgListAdd)
    OS_SemInit                               0x080072e5   Thumb Code    14  os_sem.o(i.OS_SemInit)
    OS_SemPost                               0x080072fd   Thumb Code   350  os_sem.o(i.OS_SemPost)
    OS_TaskBlock                             0x08007461   Thumb Code    56  os_core.o(i.OS_TaskBlock)
    OS_TaskDbgListAdd                        0x08007499   Thumb Code    42  os_task.o(i.OS_TaskDbgListAdd)
    OS_TaskDbgListRemove                     0x080074c9   Thumb Code    64  os_task.o(i.OS_TaskDbgListRemove)
    OS_TaskInit                              0x0800750d   Thumb Code    18  os_task.o(i.OS_TaskInit)
    OS_TaskInitTCB                           0x0800752d   Thumb Code   186  os_task.o(i.OS_TaskInitTCB)
    OS_TaskQPost                             0x080075f5   Thumb Code   510  os_task.o(i.OS_TaskQPost)
    OS_TaskRdy                               0x08007801   Thumb Code    28  os_core.o(i.OS_TaskRdy)
    OS_TaskResume                            0x0800781d   Thumb Code   314  os_task.o(i.OS_TaskResume)
    OS_TaskReturn                            0x0800795d   Thumb Code    20  os_task.o(i.OS_TaskReturn)
    OS_TaskSemPost                           0x08007975   Thumb Code  1210  os_task.o(i.OS_TaskSemPost)
    OS_TaskSuspend                           0x08007e39   Thumb Code   328  os_task.o(i.OS_TaskSuspend)
    OS_TickListInit                          0x08007f89   Thumb Code    32  os_tick.o(i.OS_TickListInit)
    OS_TickListInsert                        0x08007fb1   Thumb Code   430  os_tick.o(i.OS_TickListInsert)
    OS_TickListRemove                        0x0800816d   Thumb Code    56  os_tick.o(i.OS_TickListRemove)
    OS_TickListUpdate                        0x080081a5   Thumb Code   480  os_tick.o(i.OS_TickListUpdate)
    OS_TickTask                              0x0800839d   Thumb Code    38  os_tick.o(i.OS_TickTask)
    OS_TickTaskInit                          0x080083c9   Thumb Code   128  os_tick.o(i.OS_TickTaskInit)
    PutTaskRun                               0x08008481   Thumb Code    58  tim2.o(i.PutTaskRun)
    RCC_AHB1PeriphClockCmd                   0x080084c9   Thumb Code    26  stm32f4xx_rcc.o(i.RCC_AHB1PeriphClockCmd)
    RCC_APB1PeriphClockCmd                   0x080084e9   Thumb Code    26  stm32f4xx_rcc.o(i.RCC_APB1PeriphClockCmd)
    RCC_APB2PeriphClockCmd                   0x08008509   Thumb Code    26  stm32f4xx_rcc.o(i.RCC_APB2PeriphClockCmd)
    RCC_GetClocksFreq                        0x08008529   Thumb Code   214  stm32f4xx_rcc.o(i.RCC_GetClocksFreq)
    Rc_DataTrans                             0x08008611   Thumb Code    24  rc_proc.o(i.Rc_DataTrans)
    Read_HMC5883L                            0x08008629   Thumb Code  1126  hmc5883l.o(i.Read_HMC5883L)
    SVC_Handler                              0x08008ab9   Thumb Code     2  stm32f4xx_it.o(i.SVC_Handler)
    SysTick_CLKSourceConfig                  0x08008ba5   Thumb Code    40  misc.o(i.SysTick_CLKSourceConfig)
    SysTick_Handler                          0x08008bcd   Thumb Code    28  systim.o(i.SysTick_Handler)
    SystemInit                               0x08008bed   Thumb Code    88  system_stm32f4xx.o(i.SystemInit)
    TIM1_Pwm_Init                            0x08008d79   Thumb Code   238  tim1_pwm_out.o(i.TIM1_Pwm_Init)
    TIM2_IRQHandler                          0x08008e71   Thumb Code    16  tim2.o(i.TIM2_IRQHandler)
    TIM3_Cap_Init                            0x08008e81   Thumb Code   326  tim3_capture.o(i.TIM3_Cap_Init)
    TIM3_IRQHandler                          0x08008fd1   Thumb Code    16  tim3_capture.o(i.TIM3_IRQHandler)
    TIM4_IRQHandler                          0x08008fe1   Thumb Code    16  ultrasonic.o(i.TIM4_IRQHandler)
    TIM_ClearITPendingBit                    0x08008ff1   Thumb Code     6  stm32f4xx_tim.o(i.TIM_ClearITPendingBit)
    TIM_Cmd                                  0x08008ff7   Thumb Code    24  stm32f4xx_tim.o(i.TIM_Cmd)
    TIM_CtrlPWMOutputs                       0x0800900f   Thumb Code    30  stm32f4xx_tim.o(i.TIM_CtrlPWMOutputs)
    TIM_GetCapture1                          0x0800902d   Thumb Code     6  stm32f4xx_tim.o(i.TIM_GetCapture1)
    TIM_GetCapture2                          0x08009033   Thumb Code     6  stm32f4xx_tim.o(i.TIM_GetCapture2)
    TIM_GetCapture3                          0x08009039   Thumb Code     6  stm32f4xx_tim.o(i.TIM_GetCapture3)
    TIM_GetCapture4                          0x0800903f   Thumb Code     6  stm32f4xx_tim.o(i.TIM_GetCapture4)
    TIM_GetITStatus                          0x08009045   Thumb Code    34  stm32f4xx_tim.o(i.TIM_GetITStatus)
    TIM_ICInit                               0x08009067   Thumb Code   110  stm32f4xx_tim.o(i.TIM_ICInit)
    TIM_ITConfig                             0x080090d5   Thumb Code    18  stm32f4xx_tim.o(i.TIM_ITConfig)
    TIM_OC1Init                              0x080090e9   Thumb Code   114  stm32f4xx_tim.o(i.TIM_OC1Init)
    TIM_OC2Init                              0x08009165   Thumb Code   154  stm32f4xx_tim.o(i.TIM_OC2Init)
    TIM_OC3Init                              0x08009209   Thumb Code   150  stm32f4xx_tim.o(i.TIM_OC3Init)
    TIM_OC4Init                              0x080092a9   Thumb Code   112  stm32f4xx_tim.o(i.TIM_OC4Init)
    TIM_SetIC1Prescaler                      0x08009321   Thumb Code    18  stm32f4xx_tim.o(i.TIM_SetIC1Prescaler)
    TIM_SetIC2Prescaler                      0x08009333   Thumb Code    26  stm32f4xx_tim.o(i.TIM_SetIC2Prescaler)
    TIM_SetIC3Prescaler                      0x0800934d   Thumb Code    18  stm32f4xx_tim.o(i.TIM_SetIC3Prescaler)
    TIM_SetIC4Prescaler                      0x0800935f   Thumb Code    26  stm32f4xx_tim.o(i.TIM_SetIC4Prescaler)
    TIM_TimeBaseInit                         0x08009379   Thumb Code   104  stm32f4xx_tim.o(i.TIM_TimeBaseInit)
    Task_Attitude                            0x080093fd   Thumb Code   550  application.o(i.Task_Attitude)
    Task_Control                             0x08009645   Thumb Code   816  application.o(i.Task_Control)
    Task_RcDataProc                          0x080099b1   Thumb Code    88  application.o(i.Task_RcDataProc)
    Task_ReceData                            0x08009a19   Thumb Code   442  application.o(i.Task_ReceData)
    Task_SendData                            0x08009bdd   Thumb Code   550  application.o(i.Task_SendData)
    Task_ShowState                           0x08009e25   Thumb Code    16  application.o(i.Task_ShowState)
    Task_Start                               0x08009e39   Thumb Code   508  application.o(i.Task_Start)
    To_180_degrees                           0x0800a13d   Thumb Code    58  mymath.o(i.To_180_degrees)
    USART2_IRQHandler                        0x0800a185   Thumb Code    16  usart2.o(i.USART2_IRQHandler)
    USART_ClearFlag                          0x0800a195   Thumb Code    18  stm32f4xx_usart.o(i.USART_ClearFlag)
    USART_Cmd                                0x0800a1a7   Thumb Code    24  stm32f4xx_usart.o(i.USART_Cmd)
    USART_DMACmd                             0x0800a1bf   Thumb Code    18  stm32f4xx_usart.o(i.USART_DMACmd)
    USART_GetITStatus                        0x0800a1d1   Thumb Code    84  stm32f4xx_usart.o(i.USART_GetITStatus)
    USART_ITConfig                           0x0800a225   Thumb Code    74  stm32f4xx_usart.o(i.USART_ITConfig)
    USART_Init                               0x0800a271   Thumb Code   204  stm32f4xx_usart.o(i.USART_Init)
    USART_ReceiveData                        0x0800a345   Thumb Code    10  stm32f4xx_usart.o(i.USART_ReceiveData)
    Ultrasonic_Init                          0x0800a351   Thumb Code   220  ultrasonic.o(i.Ultrasonic_Init)
    UsageFault_Handler                       0x0800a439   Thumb Code     4  stm32f4xx_it.o(i.UsageFault_Handler)
    Usart2_DMA_Config                        0x0800a43d   Thumb Code   112  usart2.o(i.Usart2_DMA_Config)
    Usart2_DMA_Send_Start                    0x0800a4b9   Thumb Code    70  usart2.o(i.Usart2_DMA_Send_Start)
    Usart2_init                              0x0800a50d   Thumb Code   170  usart2.o(i.Usart2_init)
    _TIM2_IRQHandler                         0x0800a5c1   Thumb Code    84  tim2.o(i._TIM2_IRQHandler)
    _TIM3_IRQHandler                         0x0800a625   Thumb Code   444  tim3_capture.o(i._TIM3_IRQHandler)
    _TIM4_IRQHandler                         0x0800a7f5   Thumb Code   120  ultrasonic.o(i._TIM4_IRQHandler)
    _USART2_IRQHandler                       0x0800a885   Thumb Code   168  usart2.o(i._USART2_IRQHandler)
    __ARM_fpclassify                         0x0800a945   Thumb Code    48  fpclassify.o(i.__ARM_fpclassify)
    __hardfp_asin                            0x0800a979   Thumb Code   770  asin.o(i.__hardfp_asin)
    __hardfp_atof                            0x0800acd9   Thumb Code    44  atof.o(i.__hardfp_atof)
    __hardfp_ldexp                           0x0800ad11   Thumb Code   200  ldexp.o(i.__hardfp_ldexp)
    __kernel_poly                            0x0800ade1   Thumb Code   248  poly.o(i.__kernel_poly)
    __mathlib_dbl_infnan                     0x0800aed9   Thumb Code    20  dunder.o(i.__mathlib_dbl_infnan)
    __mathlib_dbl_invalid                    0x0800aef1   Thumb Code    24  dunder.o(i.__mathlib_dbl_invalid)
    __mathlib_dbl_overflow                   0x0800af11   Thumb Code    24  dunder.o(i.__mathlib_dbl_overflow)
    __mathlib_dbl_underflow                  0x0800af31   Thumb Code    24  dunder.o(i.__mathlib_dbl_underflow)
    __mathlib_narrow                         0x0800af51   Thumb Code   166  narrow.o(i.__mathlib_narrow)
    __support_ldexp                          0x0800b009   Thumb Code    20  ldexp.o(i.__support_ldexp)
    _is_digit                                0x0800b01d   Thumb Code    14  scanf_fp.o(i._is_digit)
    _sys_exit                                0x0800b02b   Thumb Code     6  usart2.o(i._sys_exit)
    delay_init                               0x0800b031   Thumb Code   116  systim.o(i.delay_init)
    fabs                                     0x0800b0b5   Thumb Code    24  fabs.o(i.fabs)
    fast_atan2                               0x0800b0cd   Thumb Code   350  mymath.o(i.fast_atan2)
    frexp                                    0x0800b249   Thumb Code   118  frexp.o(i.frexp)
    hardware_init                            0x0800b2d5   Thumb Code    98  hard.o(i.hardware_init)
    main                                     0x0800b341   Thumb Code   204  main.o(i.main)
    my_abs                                   0x0800b42d   Thumb Code    26  mymath.o(i.my_abs)
    my_delay_ms                              0x0800b447   Thumb Code    28  my_delay.o(i.my_delay_ms)
    my_delay_us                              0x0800b463   Thumb Code    26  my_delay.o(i.my_delay_us)
    my_pow                                   0x0800b47d   Thumb Code    10  mymath.o(i.my_pow)
    my_sqrt                                  0x0800b489   Thumb Code    88  mymath.o(i.my_sqrt)
    rc_data_proc                             0x0800b4e5   Thumb Code   118  rc_proc.o(i.rc_data_proc)
    simple_3d_trans                          0x0800b561   Thumb Code   272  imu.o(i.simple_3d_trans)
    sqrt                                     0x0800b67d   Thumb Code   110  sqrt.o(i.sqrt)
    _get_lc_numeric                          0x0800b6ed   Thumb Code    44  lc_numeric_c.o(locale$$code)
    _get_lc_ctype                            0x0800b719   Thumb Code    44  lc_ctype_c.o(locale$$code)
    __aeabi_dneg                             0x0800b745   Thumb Code     0  basic.o(x$fpl$basic)
    _dneg                                    0x0800b745   Thumb Code     6  basic.o(x$fpl$basic)
    __aeabi_fneg                             0x0800b74b   Thumb Code     0  basic.o(x$fpl$basic)
    _fneg                                    0x0800b74b   Thumb Code     6  basic.o(x$fpl$basic)
    _dabs                                    0x0800b751   Thumb Code     6  basic.o(x$fpl$basic)
    _fabs                                    0x0800b757   Thumb Code     6  basic.o(x$fpl$basic)
    __aeabi_d2f                              0x0800b75d   Thumb Code     0  d2f.o(x$fpl$d2f)
    _d2f                                     0x0800b75d   Thumb Code    98  d2f.o(x$fpl$d2f)
    __aeabi_dadd                             0x0800b7c1   Thumb Code     0  daddsub_clz.o(x$fpl$dadd)
    _dadd                                    0x0800b7c1   Thumb Code   332  daddsub_clz.o(x$fpl$dadd)
    __fpl_dcheck_NaN1                        0x0800b911   Thumb Code    10  dcheck1.o(x$fpl$dcheck1)
    __fpl_dcmp_Inf                           0x0800b921   Thumb Code    24  dcmpi.o(x$fpl$dcmpinf)
    __aeabi_ddiv                             0x0800b939   Thumb Code     0  ddiv.o(x$fpl$ddiv)
    _ddiv                                    0x0800b939   Thumb Code   552  ddiv.o(x$fpl$ddiv)
    __aeabi_cdcmpeq                          0x0800bbe9   Thumb Code     0  deqf.o(x$fpl$deqf)
    _dcmpeq                                  0x0800bbe9   Thumb Code   120  deqf.o(x$fpl$deqf)
    __aeabi_cdcmple                          0x0800bc61   Thumb Code     0  dleqf.o(x$fpl$dleqf)
    _dcmple                                  0x0800bc61   Thumb Code   120  dleqf.o(x$fpl$dleqf)
    __fpl_dcmple_InfNaN                      0x0800bcc3   Thumb Code     0  dleqf.o(x$fpl$dleqf)
    __aeabi_dmul                             0x0800bcd9   Thumb Code     0  dmul.o(x$fpl$dmul)
    _dmul                                    0x0800bcd9   Thumb Code   332  dmul.o(x$fpl$dmul)
    __fpl_dnaninf                            0x0800be2d   Thumb Code   156  dnaninf.o(x$fpl$dnaninf)
    __fpl_dretinf                            0x0800bec9   Thumb Code    12  dretinf.o(x$fpl$dretinf)
    __aeabi_cdrcmple                         0x0800bed5   Thumb Code     0  drleqf.o(x$fpl$drleqf)
    _drcmple                                 0x0800bed5   Thumb Code   108  drleqf.o(x$fpl$drleqf)
    __aeabi_drsub                            0x0800bf41   Thumb Code     0  daddsub_clz.o(x$fpl$drsb)
    _drsb                                    0x0800bf41   Thumb Code    22  daddsub_clz.o(x$fpl$drsb)
    _dsqrt                                   0x0800bf59   Thumb Code   404  dsqrt_umaal.o(x$fpl$dsqrt)
    __aeabi_dsub                             0x0800c0f1   Thumb Code     0  daddsub_clz.o(x$fpl$dsub)
    _dsub                                    0x0800c0f1   Thumb Code   464  daddsub_clz.o(x$fpl$dsub)
    __aeabi_f2d                              0x0800c2c5   Thumb Code     0  f2d.o(x$fpl$f2d)
    _f2d                                     0x0800c2c5   Thumb Code    86  f2d.o(x$fpl$f2d)
    __fpl_fnaninf                            0x0800c31b   Thumb Code   140  fnaninf.o(x$fpl$fnaninf)
    _fp_init                                 0x0800c3a7   Thumb Code    10  fpinit.o(x$fpl$fpinit)
    __fplib_config_fpu_vfp                   0x0800c3af   Thumb Code     0  fpinit.o(x$fpl$fpinit)
    __fplib_config_pureend_doubles           0x0800c3af   Thumb Code     0  fpinit.o(x$fpl$fpinit)
    __fpl_fretinf                            0x0800c3b1   Thumb Code    10  fretinf.o(x$fpl$fretinf)
    __fpl_return_NaN                         0x0800c3bb   Thumb Code   100  retnan.o(x$fpl$retnan)
    __ARM_scalbn                             0x0800c41f   Thumb Code    92  scalbn.o(x$fpl$scalbn)
    _scanf_real                              0x0800c47b   Thumb Code     4  scanf1.o(x$fpl$scanf1)
    _scanf_hex_real                          0x0800c47f   Thumb Code     4  scanf2.o(x$fpl$scanf2)
    _scanf_infnan                            0x0800c483   Thumb Code     4  scanf2.o(x$fpl$scanf2)
    __fpl_cmpreturn                          0x0800c487   Thumb Code    48  trapv.o(x$fpl$trapveneer)
    __I$use$fp                               0x0800c4b6   Number         0  usenofp.o(x$fpl$usenofp)
    OSCfg_IdleTaskStkBasePtr                 0x0800c4d8   Data           4  os_cfg_app.o(.constdata)
    OSCfg_IdleTaskStkLimit                   0x0800c4dc   Data           4  os_cfg_app.o(.constdata)
    OSCfg_IdleTaskStkSize                    0x0800c4e0   Data           4  os_cfg_app.o(.constdata)
    OSCfg_IdleTaskStkSizeRAM                 0x0800c4e4   Data           4  os_cfg_app.o(.constdata)
    OSCfg_IntQBasePtr                        0x0800c4e8   Data           4  os_cfg_app.o(.constdata)
    OSCfg_IntQSize                           0x0800c4ec   Data           2  os_cfg_app.o(.constdata)
    OSCfg_IntQSizeRAM                        0x0800c4f0   Data           4  os_cfg_app.o(.constdata)
    OSCfg_IntQTaskStkBasePtr                 0x0800c4f4   Data           4  os_cfg_app.o(.constdata)
    OSCfg_IntQTaskStkLimit                   0x0800c4f8   Data           4  os_cfg_app.o(.constdata)
    OSCfg_IntQTaskStkSize                    0x0800c4fc   Data           4  os_cfg_app.o(.constdata)
    OSCfg_IntQTaskStkSizeRAM                 0x0800c500   Data           4  os_cfg_app.o(.constdata)
    OSCfg_ISRStkBasePtr                      0x0800c504   Data           4  os_cfg_app.o(.constdata)
    OSCfg_ISRStkSize                         0x0800c508   Data           4  os_cfg_app.o(.constdata)
    OSCfg_ISRStkSizeRAM                      0x0800c50c   Data           4  os_cfg_app.o(.constdata)
    OSCfg_MsgPoolSize                        0x0800c510   Data           2  os_cfg_app.o(.constdata)
    OSCfg_MsgPoolSizeRAM                     0x0800c514   Data           4  os_cfg_app.o(.constdata)
    OSCfg_MsgPoolBasePtr                     0x0800c518   Data           4  os_cfg_app.o(.constdata)
    OSCfg_StatTaskPrio                       0x0800c51c   Data           1  os_cfg_app.o(.constdata)
    OSCfg_StatTaskRate_Hz                    0x0800c520   Data           4  os_cfg_app.o(.constdata)
    OSCfg_StatTaskStkBasePtr                 0x0800c524   Data           4  os_cfg_app.o(.constdata)
    OSCfg_StatTaskStkLimit                   0x0800c528   Data           4  os_cfg_app.o(.constdata)
    OSCfg_StatTaskStkSize                    0x0800c52c   Data           4  os_cfg_app.o(.constdata)
    OSCfg_StatTaskStkSizeRAM                 0x0800c530   Data           4  os_cfg_app.o(.constdata)
    OSCfg_StkSizeMin                         0x0800c534   Data           4  os_cfg_app.o(.constdata)
    OSCfg_TickRate_Hz                        0x0800c538   Data           4  os_cfg_app.o(.constdata)
    OSCfg_TickTaskPrio                       0x0800c53c   Data           1  os_cfg_app.o(.constdata)
    OSCfg_TickTaskStkBasePtr                 0x0800c540   Data           4  os_cfg_app.o(.constdata)
    OSCfg_TickTaskStkLimit                   0x0800c544   Data           4  os_cfg_app.o(.constdata)
    OSCfg_TickTaskStkSize                    0x0800c548   Data           4  os_cfg_app.o(.constdata)
    OSCfg_TickTaskStkSizeRAM                 0x0800c54c   Data           4  os_cfg_app.o(.constdata)
    OSCfg_TickWheelSize                      0x0800c550   Data           2  os_cfg_app.o(.constdata)
    OSCfg_TickWheelSizeRAM                   0x0800c554   Data           4  os_cfg_app.o(.constdata)
    OSCfg_TmrTaskPrio                        0x0800c558   Data           1  os_cfg_app.o(.constdata)
    OSCfg_TmrTaskRate_Hz                     0x0800c55c   Data           4  os_cfg_app.o(.constdata)
    OSCfg_TmrTaskStkBasePtr                  0x0800c560   Data           4  os_cfg_app.o(.constdata)
    OSCfg_TmrTaskStkLimit                    0x0800c564   Data           4  os_cfg_app.o(.constdata)
    OSCfg_TmrTaskStkSize                     0x0800c568   Data           4  os_cfg_app.o(.constdata)
    OSCfg_TmrTaskStkSizeRAM                  0x0800c56c   Data           4  os_cfg_app.o(.constdata)
    OSCfg_TmrWheelSize                       0x0800c570   Data           2  os_cfg_app.o(.constdata)
    OSCfg_TmrWheelSizeRAM                    0x0800c574   Data           4  os_cfg_app.o(.constdata)
    OSCfg_DataSizeRAM                        0x0800c578   Data           4  os_cfg_app.o(.constdata)
    OSDbg_DbgEn                              0x0800c57c   Data           2  os_dbg.o(.constdata)
    OSDbg_ArgChkEn                           0x0800c57e   Data           1  os_dbg.o(.constdata)
    OSDbg_AppHooksEn                         0x0800c57f   Data           1  os_dbg.o(.constdata)
    OSDbg_EndiannessTest                     0x0800c580   Data           4  os_dbg.o(.constdata)
    OSDbg_CalledFromISRChkEn                 0x0800c584   Data           1  os_dbg.o(.constdata)
    OSDbg_FlagEn                             0x0800c585   Data           1  os_dbg.o(.constdata)
    OSDbg_FlagGrp                            0x0800c588   Data          40  os_dbg.o(.constdata)
    OSDbg_FlagDelEn                          0x0800c5b0   Data           1  os_dbg.o(.constdata)
    OSDbg_FlagModeClrEn                      0x0800c5b1   Data           1  os_dbg.o(.constdata)
    OSDbg_FlagPendAbortEn                    0x0800c5b2   Data           1  os_dbg.o(.constdata)
    OSDbg_FlagGrpSize                        0x0800c5b4   Data           2  os_dbg.o(.constdata)
    OSDbg_FlagWidth                          0x0800c5b6   Data           2  os_dbg.o(.constdata)
    OSDbg_IntQ                               0x0800c5b8   Data           2  os_dbg.o(.constdata)
    OSDbg_ISRPostDeferredEn                  0x0800c5ba   Data           1  os_dbg.o(.constdata)
    OSDbg_Mem                                0x0800c5bc   Data          32  os_dbg.o(.constdata)
    OSDbg_MemEn                              0x0800c5dc   Data           1  os_dbg.o(.constdata)
    OSDbg_MemSize                            0x0800c5de   Data           2  os_dbg.o(.constdata)
    OSDbg_MsgEn                              0x0800c5e0   Data           1  os_dbg.o(.constdata)
    OSDbg_MsgSize                            0x0800c5e2   Data           2  os_dbg.o(.constdata)
    OSDbg_MsgPoolSize                        0x0800c5e4   Data           2  os_dbg.o(.constdata)
    OSDbg_MsgQSize                           0x0800c5e6   Data           2  os_dbg.o(.constdata)
    OSDbg_Mutex                              0x0800c5e8   Data          44  os_dbg.o(.constdata)
    OSDbg_MutexEn                            0x0800c614   Data           1  os_dbg.o(.constdata)
    OSDbg_MutexDelEn                         0x0800c615   Data           1  os_dbg.o(.constdata)
    OSDbg_MutexPendAbortEn                   0x0800c616   Data           1  os_dbg.o(.constdata)
    OSDbg_MutexSize                          0x0800c618   Data           2  os_dbg.o(.constdata)
    OSDbg_ObjTypeChkEn                       0x0800c61a   Data           1  os_dbg.o(.constdata)
    OSDbg_PendMultiEn                        0x0800c61b   Data           1  os_dbg.o(.constdata)
    OSDbg_PendDataSize                       0x0800c61c   Data           2  os_dbg.o(.constdata)
    OSDbg_PendListSize                       0x0800c61e   Data           2  os_dbg.o(.constdata)
    OSDbg_PendObjSize                        0x0800c620   Data           2  os_dbg.o(.constdata)
    OSDbg_PrioMax                            0x0800c622   Data           2  os_dbg.o(.constdata)
    OSDbg_PrioTblSize                        0x0800c624   Data           2  os_dbg.o(.constdata)
    OSDbg_PtrSize                            0x0800c626   Data           2  os_dbg.o(.constdata)
    OSDbg_Q                                  0x0800c628   Data          48  os_dbg.o(.constdata)
    OSDbg_QEn                                0x0800c658   Data           1  os_dbg.o(.constdata)
    OSDbg_QDelEn                             0x0800c659   Data           1  os_dbg.o(.constdata)
    OSDbg_QFlushEn                           0x0800c65a   Data           1  os_dbg.o(.constdata)
    OSDbg_QPendAbortEn                       0x0800c65b   Data           1  os_dbg.o(.constdata)
    OSDbg_QSize                              0x0800c65c   Data           2  os_dbg.o(.constdata)
    OSDbg_SchedRoundRobinEn                  0x0800c65e   Data           1  os_dbg.o(.constdata)
    OSDbg_Sem                                0x0800c660   Data          40  os_dbg.o(.constdata)
    OSDbg_SemEn                              0x0800c688   Data           1  os_dbg.o(.constdata)
    OSDbg_SemDelEn                           0x0800c689   Data           1  os_dbg.o(.constdata)
    OSDbg_SemPendAbortEn                     0x0800c68a   Data           1  os_dbg.o(.constdata)
    OSDbg_SemSetEn                           0x0800c68b   Data           1  os_dbg.o(.constdata)
    OSDbg_SemSize                            0x0800c68c   Data           2  os_dbg.o(.constdata)
    OSDbg_RdyList                            0x0800c68e   Data           2  os_dbg.o(.constdata)
    OSDbg_RdyListSize                        0x0800c690   Data           4  os_dbg.o(.constdata)
    OSDbg_StkWidth                           0x0800c694   Data           1  os_dbg.o(.constdata)
    OSDbg_StatTaskEn                         0x0800c695   Data           1  os_dbg.o(.constdata)
    OSDbg_StatTaskStkChkEn                   0x0800c696   Data           1  os_dbg.o(.constdata)
    OSDbg_TaskChangePrioEn                   0x0800c697   Data           1  os_dbg.o(.constdata)
    OSDbg_TaskDelEn                          0x0800c698   Data           1  os_dbg.o(.constdata)
    OSDbg_TaskQEn                            0x0800c699   Data           1  os_dbg.o(.constdata)
    OSDbg_TaskQPendAbortEn                   0x0800c69a   Data           1  os_dbg.o(.constdata)
    OSDbg_TaskProfileEn                      0x0800c69b   Data           1  os_dbg.o(.constdata)
    OSDbg_TaskRegTblSize                     0x0800c69c   Data           2  os_dbg.o(.constdata)
    OSDbg_TaskSemPendAbortEn                 0x0800c69e   Data           1  os_dbg.o(.constdata)
    OSDbg_TaskSuspendEn                      0x0800c69f   Data           1  os_dbg.o(.constdata)
    OSDbg_TCBSize                            0x0800c6a0   Data           2  os_dbg.o(.constdata)
    OSDbg_TickSpokeSize                      0x0800c6a2   Data           2  os_dbg.o(.constdata)
    OSDbg_TimeDlyHMSMEn                      0x0800c6a4   Data           1  os_dbg.o(.constdata)
    OSDbg_TimeDlyResumeEn                    0x0800c6a5   Data           1  os_dbg.o(.constdata)
    OSDbg_TLS_TblSize                        0x0800c6a6   Data           2  os_dbg.o(.constdata)
    OSDbg_Tmr                                0x0800c6a8   Data          52  os_dbg.o(.constdata)
    OSDbg_TmrEn                              0x0800c6dc   Data           1  os_dbg.o(.constdata)
    OSDbg_TmrDelEn                           0x0800c6dd   Data           1  os_dbg.o(.constdata)
    OSDbg_TmrSize                            0x0800c6de   Data           2  os_dbg.o(.constdata)
    OSDbg_TmrSpokeSize                       0x0800c6e0   Data           2  os_dbg.o(.constdata)
    OSDbg_VersionNbr                         0x0800c6e2   Data           2  os_dbg.o(.constdata)
    OSDbg_DataSize                           0x0800c6e4   Data           4  os_dbg.o(.constdata)
    Region$$Table$$Base                      0x0800c7cc   Number         0  anon$$obj.o(Region$$Table)
    Region$$Table$$Limit                     0x0800c7ec   Number         0  anon$$obj.o(Region$$Table)
    __aeabi_HUGE_VAL                         0x0800c7ec   Data           0  fpconst.o(c$$dinf)
    __aeabi_HUGE_VALL                        0x0800c7ec   Data           0  fpconst.o(c$$dinf)
    __aeabi_INFINITY                         0x0800c7ec   Data           0  fpconst.o(c$$dinf)
    __dInf                                   0x0800c7ec   Data           0  fpconst.o(c$$dinf)
    __huge_val                               0x0800c7ec   Data           0  fpconst.o(c$$dinf)
    __ctype                                  0x0800c81d   Data           0  lc_ctype_c.o(locale$$data)
    Acc_CALIBRATE                            0x20000008   Data           1  mpu6050.o(.data)
    Gyro_CALIBRATE                           0x20000009   Data           1  mpu6050.o(.data)
    acc_sum_cnt                              0x2000000a   Data           2  mpu6050.o(.data)
    gyro_sum_cnt                             0x2000000c   Data           2  mpu6050.o(.data)
    dex                                      0x2000000e   Data           1  mpu6050.o(.data)
    i                                        0x2000000f   Data           1  mpu6050.o(.data)
    Mag_CALIBRATED                           0x20000010   Data           1  hmc5883l.o(.data)
    ultra_start_f                            0x2000002e   Data           1  ultrasonic.o(.data)
    ultra_time                               0x2000002f   Data           1  ultrasonic.o(.data)
    ultra_ok                                 0x20000030   Data           1  ultrasonic.o(.data)
    ultra_distance                           0x20000032   Data           2  ultrasonic.o(.data)
    ultra_distance_old                       0x20000034   Data           2  ultrasonic.o(.data)
    ultra_delta                              0x20000036   Data           2  ultrasonic.o(.data)
    ultra_get_data                           0x20000038   Data           2  ultrasonic.o(.data)
    Roll                                     0x20000040   Data           4  imu.o(.data)
    Pitch                                    0x20000044   Data           4  imu.o(.data)
    Yaw                                      0x20000048   Data           4  imu.o(.data)
    ref_q                                    0x2000004c   Data          16  imu.o(.data)
    norm_acc                                 0x2000005c   Data           4  imu.o(.data)
    norm_q                                   0x20000060   Data           4  imu.o(.data)
    norm_acc_lpf                             0x20000064   Data           4  imu.o(.data)
    mag_norm                                 0x20000068   Data           4  imu.o(.data)
    mag_norm_xyz                             0x2000006c   Data           4  imu.o(.data)
    q0                                       0x20000070   Data           4  imu.o(.data)
    q1                                       0x20000074   Data           4  imu.o(.data)
    q2                                       0x20000078   Data           4  imu.o(.data)
    q3                                       0x2000007c   Data           4  imu.o(.data)
    exInt                                    0x20000080   Data           4  imu.o(.data)
    eyInt                                    0x20000084   Data           4  imu.o(.data)
    ezInt                                    0x20000088   Data           4  imu.o(.data)
    fast_atan_table                          0x200000a0   Data        1028  mymath.o(.data)
    Glob_Pwm                                 0x200004a4   Data           8  application.o(.data)
    Glob_motor                               0x200004ac   Data           8  application.o(.data)
    Trans_Pwm                                0x200004b4   Data           8  application.o(.data)
    Trans_Motor                              0x200004bc   Data           8  application.o(.data)
    motor                                    0x200004c4   Data           8  control.o(.data)
    motor_add                                0x200004cc   Data           8  control.o(.data)
    Moto_Limit                               0x200004d4   Data           2  control.o(.data)
    Tim3_Pwm_Capt                            0x200004da   Data           8  tim3_capture.o(.data)
    __stdout                                 0x200004f4   Data           4  usart2.o(.data)
    count                                    0x200004f8   Data           4  usart2.o(.data)
    err                                      0x200004fc   Data           4  usart2.o(.data)
    RxDataCtr                                0x20000500   Data           2  usart2.o(.data)
    RxDataPtr                                0x20000504   Data           4  usart2.o(.data)
    RxDataPtrStar                            0x20000508   Data           4  usart2.o(.data)
    CPU_TS_TmrFreq_Hz                        0x20000520   Data           4  cpu_core.o(.data)
    OSPrioTbl                                0x20000524   Data           8  os_prio.o(.data)
    OSIdleTaskCtr                            0x2000052c   Data           4  os_var.o(.data)
    OSIntNestingCtr                          0x20000530   Data           1  os_var.o(.data)
    OSRunning                                0x20000531   Data           1  os_var.o(.data)
    OSIntQInPtr                              0x20000534   Data           4  os_var.o(.data)
    OSIntQOutPtr                             0x20000538   Data           4  os_var.o(.data)
    OSIntQNbrEntries                         0x2000053c   Data           2  os_var.o(.data)
    OSIntQNbrEntriesMax                      0x2000053e   Data           2  os_var.o(.data)
    OSIntQOvfCtr                             0x20000540   Data           2  os_var.o(.data)
    OSIntQTaskTimeMax                        0x20000544   Data           4  os_var.o(.data)
    OSFlagDbgListPtr                         0x20000548   Data           4  os_var.o(.data)
    OSFlagQty                                0x2000054c   Data           2  os_var.o(.data)
    OSMemDbgListPtr                          0x20000550   Data           4  os_var.o(.data)
    OSMemQty                                 0x20000554   Data           2  os_var.o(.data)
    OSMutexDbgListPtr                        0x20000558   Data           4  os_var.o(.data)
    OSMutexQty                               0x2000055c   Data           2  os_var.o(.data)
    OSPrioCur                                0x2000055e   Data           1  os_var.o(.data)
    OSPrioHighRdy                            0x2000055f   Data           1  os_var.o(.data)
    OSPrioSaved                              0x20000560   Data           1  os_var.o(.data)
    OSQDbgListPtr                            0x20000564   Data           4  os_var.o(.data)
    OSQQty                                   0x20000568   Data           2  os_var.o(.data)
    OSSchedLockTimeBegin                     0x2000056c   Data           4  os_var.o(.data)
    OSSchedLockTimeMax                       0x20000570   Data           4  os_var.o(.data)
    OSSchedLockTimeMaxCur                    0x20000574   Data           4  os_var.o(.data)
    OSSchedLockNestingCtr                    0x20000578   Data           1  os_var.o(.data)
    OSSemDbgListPtr                          0x2000057c   Data           4  os_var.o(.data)
    OSSemQty                                 0x20000580   Data           2  os_var.o(.data)
    OSTaskCtxSwCtr                           0x20000584   Data           4  os_var.o(.data)
    OSTaskDbgListPtr                         0x20000588   Data           4  os_var.o(.data)
    OSTaskQty                                0x2000058c   Data           2  os_var.o(.data)
    OSTaskRegNextAvailID                     0x2000058e   Data           1  os_var.o(.data)
    OSTickCtr                                0x20000590   Data           4  os_var.o(.data)
    OSTickTaskTimeMax                        0x20000594   Data           4  os_var.o(.data)
    OSTCBCurPtr                              0x20000598   Data           4  os_var.o(.data)
    OSTCBHighRdyPtr                          0x2000059c   Data           4  os_var.o(.data)
    OS_CPU_ExceptStkBase                     0x200005a0   Data           4  os_cpu_c.o(.data)
    Gyro_tmp                                 0x200005a4   Data          12  mpu6050.o(.bss)
    Acc_Offset                               0x200005b0   Data          12  mpu6050.o(.bss)
    Gyro_Offset                              0x200005bc   Data          12  mpu6050.o(.bss)
    sum_temp                                 0x200005c8   Data          28  mpu6050.o(.bss)
    filter                                   0x200005e4   Data         264  mpu6050.o(.bss)
    hmc_offset                               0x200006ec   Data          12  hmc5883l.o(.bss)
    hmc_val                                  0x200006f8   Data          12  hmc5883l.o(.bss)
    Mag_Gain                                 0x20000704   Data          12  hmc5883l.o(.bss)
    reference_v                              0x2000071c   Data          12  imu.o(.bss)
    ref                                      0x20000728   Data          60  imu.o(.bss)
    mag_sim_3d                               0x20000764   Data          12  imu.o(.bss)
    TASK_START_STK                           0x2000077c   Data        2048  application.o(.bss)
    TASK_SHOWSTATE_STK                       0x20000f7c   Data        2048  application.o(.bss)
    TASK_CONTROL_STK                         0x2000177c   Data        2048  application.o(.bss)
    TASK_ATTITUDE_STK                        0x20001f7c   Data        2048  application.o(.bss)
    TASK_RCDATAPROC_STK                      0x2000277c   Data        2048  application.o(.bss)
    TASK_SENDDATA_STK                        0x20002f7c   Data        2048  application.o(.bss)
    TASK_RECEDATA_STK                        0x2000377c   Data        2048  application.o(.bss)
    TaskStartTCB                             0x20003f7c   Data         196  application.o(.bss)
    TaskShowStateTCB                         0x20004040   Data         196  application.o(.bss)
    TaskControlTCB                           0x20004104   Data         196  application.o(.bss)
    TaskAttitudeTCB                          0x200041c8   Data         196  application.o(.bss)
    TaskRcDataProcTCB                        0x2000428c   Data         196  application.o(.bss)
    TaskSendDataTCB                          0x20004350   Data         196  application.o(.bss)
    TaskReceDataTCB                          0x20004414   Data         196  application.o(.bss)
    UsartMemory                              0x200044d8   Data          32  application.o(.bss)
    UsartMemoryStorage                       0x200044f8   Data        1200  application.o(.bss)
    Glob_Gy86                                0x200049a8   Data          48  application.o(.bss)
    Glob_PID_Tran                            0x200049d8   Data          16  application.o(.bss)
    MutexPWM                                 0x200049e8   Data          44  application.o(.bss)
    MutexGy86                                0x20004a14   Data          44  application.o(.bss)
    MutexMotor                               0x20004a40   Data          44  application.o(.bss)
    SemParaPID                               0x20004a6c   Data          40  application.o(.bss)
    Trans_Gy86                               0x20004a94   Data          36  application.o(.bss)
    PitCont                                  0x20004ab8   Data         104  control.o(.bss)
    RolCont                                  0x20004b20   Data         104  control.o(.bss)
    YawCont                                  0x20004b88   Data         104  control.o(.bss)
    data_to_send                             0x20004bf0   Data          50  transfer.o(.bss)
    usart2_dma_buf                           0x20004c22   Data         200  usart2.o(.bss)
    CPU_Name                                 0x20004cea   Data          16  cpu_core.o(.bss)
    OSCfg_IdleTaskStk                        0x20004cfc   Data         512  os_cfg_app.o(.bss)
    OSCfg_IntQ                               0x20004efc   Data         320  os_cfg_app.o(.bss)
    OSCfg_IntQTaskStk                        0x2000503c   Data         512  os_cfg_app.o(.bss)
    OSCfg_ISRStk                             0x2000523c   Data         512  os_cfg_app.o(.bss)
    OSCfg_MsgPool                            0x2000543c   Data        1600  os_cfg_app.o(.bss)
    OSCfg_TickTaskStk                        0x20005a7c   Data         512  os_cfg_app.o(.bss)
    OSCfg_TickWheel                          0x20005c7c   Data         136  os_cfg_app.o(.bss)
    OSIdleTaskTCB                            0x20005d04   Data         196  os_var.o(.bss)
    OSIntQTaskTCB                            0x20005dc8   Data         196  os_var.o(.bss)
    OSMsgPool                                0x20005e8c   Data          12  os_var.o(.bss)
    OSRdyList                                0x20005e98   Data         768  os_var.o(.bss)
    OSTickTaskTCB                            0x20006198   Data         196  os_var.o(.bss)
    __libspace_start                         0x2000625c   Data          96  libspace.o(.bss)
    __temporary_stack_top$libspace           0x200062bc   Data           0  libspace.o(.bss)



==============================================================================

Memory Map of the image

  Image Entry point : 0x08000199

  Load Region LR_IROM1 (Base: 0x08000000, Size: 0x0000cec4, Max: 0x00080000, ABSOLUTE, COMPRESSED[0x0000cd68])

    Execution Region ER_IROM1 (Base: 0x08000000, Size: 0x0000c920, Max: 0x00080000, ABSOLUTE)

    Base Addr    Size         Type   Attr      Idx    E Section Name        Object

    0x08000000   0x00000198   Data   RO         1215    RESET               startup_stm32f411xe.o
    0x08000198   0x00000008   Code   RO         5314  * !!!main             c_w.l(__main.o)
    0x080001a0   0x00000034   Code   RO         5700    !!!scatter          c_w.l(__scatter.o)
    0x080001d4   0x0000005a   Code   RO         5698    !!dczerorl2         c_w.l(__dczerorl2.o)
    0x0800022e   0x00000002   PAD
    0x08000230   0x0000001c   Code   RO         5702    !!handler_zi        c_w.l(__scatter_zi.o)
    0x0800024c   0x00000002   Code   RO         5483    .ARM.Collect$$libinit$$00000000  c_w.l(libinit.o)
    0x0800024e   0x00000004   Code   RO         5484    .ARM.Collect$$libinit$$00000001  c_w.l(libinit2.o)
    0x08000252   0x00000000   Code   RO         5487    .ARM.Collect$$libinit$$00000004  c_w.l(libinit2.o)
    0x08000252   0x00000000   Code   RO         5490    .ARM.Collect$$libinit$$0000000A  c_w.l(libinit2.o)
    0x08000252   0x00000000   Code   RO         5492    .ARM.Collect$$libinit$$0000000C  c_w.l(libinit2.o)
    0x08000252   0x00000000   Code   RO         5494    .ARM.Collect$$libinit$$0000000E  c_w.l(libinit2.o)
    0x08000252   0x00000006   Code   RO         5495    .ARM.Collect$$libinit$$0000000F  c_w.l(libinit2.o)
    0x08000258   0x00000000   Code   RO         5497    .ARM.Collect$$libinit$$00000011  c_w.l(libinit2.o)
    0x08000258   0x0000000c   Code   RO         5498    .ARM.Collect$$libinit$$00000012  c_w.l(libinit2.o)
    0x08000264   0x00000000   Code   RO         5499    .ARM.Collect$$libinit$$00000013  c_w.l(libinit2.o)
    0x08000264   0x00000000   Code   RO         5501    .ARM.Collect$$libinit$$00000015  c_w.l(libinit2.o)
    0x08000264   0x0000000a   Code   RO         5502    .ARM.Collect$$libinit$$00000016  c_w.l(libinit2.o)
    0x0800026e   0x00000000   Code   RO         5503    .ARM.Collect$$libinit$$00000017  c_w.l(libinit2.o)
    0x0800026e   0x00000000   Code   RO         5505    .ARM.Collect$$libinit$$00000019  c_w.l(libinit2.o)
    0x0800026e   0x00000000   Code   RO         5507    .ARM.Collect$$libinit$$0000001B  c_w.l(libinit2.o)
    0x0800026e   0x00000000   Code   RO         5509    .ARM.Collect$$libinit$$0000001D  c_w.l(libinit2.o)
    0x0800026e   0x00000000   Code   RO         5511    .ARM.Collect$$libinit$$0000001F  c_w.l(libinit2.o)
    0x0800026e   0x00000000   Code   RO         5513    .ARM.Collect$$libinit$$00000021  c_w.l(libinit2.o)
    0x0800026e   0x00000000   Code   RO         5515    .ARM.Collect$$libinit$$00000023  c_w.l(libinit2.o)
    0x0800026e   0x00000000   Code   RO         5517    .ARM.Collect$$libinit$$00000025  c_w.l(libinit2.o)
    0x0800026e   0x00000000   Code   RO         5521    .ARM.Collect$$libinit$$0000002C  c_w.l(libinit2.o)
    0x0800026e   0x00000000   Code   RO         5523    .ARM.Collect$$libinit$$0000002E  c_w.l(libinit2.o)
    0x0800026e   0x00000000   Code   RO         5525    .ARM.Collect$$libinit$$00000030  c_w.l(libinit2.o)
    0x0800026e   0x00000000   Code   RO         5527    .ARM.Collect$$libinit$$00000032  c_w.l(libinit2.o)
    0x0800026e   0x00000002   Code   RO         5528    .ARM.Collect$$libinit$$00000033  c_w.l(libinit2.o)
    0x08000270   0x00000002   Code   RO         5638    .ARM.Collect$$libshutdown$$00000000  c_w.l(libshutdown.o)
    0x08000272   0x00000000   Code   RO         5674    .ARM.Collect$$libshutdown$$00000003  c_w.l(libshutdown2.o)
    0x08000272   0x00000000   Code   RO         5677    .ARM.Collect$$libshutdown$$00000006  c_w.l(libshutdown2.o)
    0x08000272   0x00000000   Code   RO         5680    .ARM.Collect$$libshutdown$$00000009  c_w.l(libshutdown2.o)
    0x08000272   0x00000000   Code   RO         5682    .ARM.Collect$$libshutdown$$0000000B  c_w.l(libshutdown2.o)
    0x08000272   0x00000000   Code   RO         5685    .ARM.Collect$$libshutdown$$0000000E  c_w.l(libshutdown2.o)
    0x08000272   0x00000002   Code   RO         5686    .ARM.Collect$$libshutdown$$0000000F  c_w.l(libshutdown2.o)
    0x08000274   0x00000000   Code   RO         5380    .ARM.Collect$$rtentry$$00000000  c_w.l(__rtentry.o)
    0x08000274   0x00000000   Code   RO         5429    .ARM.Collect$$rtentry$$00000002  c_w.l(__rtentry2.o)
    0x08000274   0x00000006   Code   RO         5441    .ARM.Collect$$rtentry$$00000004  c_w.l(__rtentry4.o)
    0x0800027a   0x00000000   Code   RO         5431    .ARM.Collect$$rtentry$$00000009  c_w.l(__rtentry2.o)
    0x0800027a   0x00000004   Code   RO         5432    .ARM.Collect$$rtentry$$0000000A  c_w.l(__rtentry2.o)
    0x0800027e   0x00000000   Code   RO         5434    .ARM.Collect$$rtentry$$0000000C  c_w.l(__rtentry2.o)
    0x0800027e   0x00000008   Code   RO         5435    .ARM.Collect$$rtentry$$0000000D  c_w.l(__rtentry2.o)
    0x08000286   0x00000002   Code   RO         5529    .ARM.Collect$$rtexit$$00000000  c_w.l(rtexit.o)
    0x08000288   0x00000000   Code   RO         5594    .ARM.Collect$$rtexit$$00000002  c_w.l(rtexit2.o)
    0x08000288   0x00000004   Code   RO         5595    .ARM.Collect$$rtexit$$00000003  c_w.l(rtexit2.o)
    0x0800028c   0x00000006   Code   RO         5596    .ARM.Collect$$rtexit$$00000004  c_w.l(rtexit2.o)
    0x08000292   0x00000002   PAD
    0x08000294   0x00000040   Code   RO         1216    .text               startup_stm32f411xe.o
    0x080002d4   0x00000034   Code   RO         3753    .text               cpu_a.o
    0x08000308   0x00000002   Code   RO         5306    .text               c_w.l(use_no_semi_2.o)
    0x0800030a   0x0000003e   Code   RO         5310    .text               c_w.l(strlen.o)
    0x08000348   0x00000006   Code   RO         5312    .text               c_w.l(heapauxi.o)
    0x0800034e   0x00000002   Code   RO         5378    .text               c_w.l(use_no_semi.o)
    0x08000350   0x00000016   Code   RO         5385    .text               c_w.l(_rserrno.o)
    0x08000366   0x00000002   PAD
    0x08000368   0x000000a0   Code   RO         5387    .text               c_w.l(strtod.o)
    0x08000408   0x00000008   Code   RO         5448    .text               c_w.l(rt_errno_addr_intlibspace.o)
    0x08000410   0x00000012   Code   RO         5450    .text               c_w.l(isspace.o)
    0x08000422   0x00000040   Code   RO         5452    .text               c_w.l(_sgetc.o)
    0x08000462   0x00000002   PAD
    0x08000464   0x00000008   Code   RO         5459    .text               c_w.l(libspace.o)
    0x0800046c   0x0000004a   Code   RO         5462    .text               c_w.l(sys_stackheap_outer.o)
    0x080004b6   0x00000002   PAD
    0x080004b8   0x00000010   Code   RO         5464    .text               c_w.l(rt_ctype_table.o)
    0x080004c8   0x000004a4   Code   RO         5466    .text               c_w.l(scanf_fp.o)
    0x0800096c   0x0000000c   Code   RO         5470    .text               c_w.l(exit.o)
    0x08000978   0x00000080   Code   RO         5476    .text               c_w.l(strcmpv7m.o)
    0x080009f8   0x00000008   Code   RO         5536    .text               c_w.l(rt_locale_intlibspace.o)
    0x08000a00   0x000000dc   Code   RO         5538    .text               c_w.l(bigflt0.o)
    0x08000adc   0x00000318   Code   RO         5600    .text               c_w.l(scanf_hexfp.o)
    0x08000df4   0x00000134   Code   RO         5602    .text               c_w.l(scanf_infnan.o)
    0x08000f28   0x00000026   Code   RO         5626    .text               c_w.l(llshl.o)
    0x08000f4e   0x0000001c   Code   RO         5628    .text               c_w.l(_chval.o)
    0x08000f6a   0x00000338   Code   RO         5551    CL$$btod_div_common  c_w.l(btod.o)
    0x080012a2   0x00000002   PAD
    0x080012a4   0x00000054   Code   RO         5549    CL$$btod_e2d        c_w.l(btod.o)
    0x080012f8   0x000000c6   Code   RO         5548    CL$$btod_e2e        c_w.l(btod.o)
    0x080013be   0x00000028   Code   RO         5545    CL$$btod_ediv       c_w.l(btod.o)
    0x080013e6   0x00000028   Code   RO         5547    CL$$btod_edivd      c_w.l(btod.o)
    0x0800140e   0x00000028   Code   RO         5544    CL$$btod_emul       c_w.l(btod.o)
    0x08001436   0x00000028   Code   RO         5546    CL$$btod_emuld      c_w.l(btod.o)
    0x0800145e   0x00000244   Code   RO         5550    CL$$btod_mult_common  c_w.l(btod.o)
    0x080016a2   0x00000002   PAD
    0x080016a4   0x000000ac   Code   RO         5149    CODE                os_cpu_a.o
    0x08001750   0x0000002c   Code   RO          695    i.ADD_TO_DMA        transfer.o
    0x0800177c   0x0000012c   Code   RO          697    i.ANO_DT_Send_MotoPWM  transfer.o
    0x080018a8   0x00000164   Code   RO          698    i.ANO_DT_Send_RCData  transfer.o
    0x08001a0c   0x0000019c   Code   RO          699    i.ANO_DT_Send_Senser  transfer.o
    0x08001ba8   0x000000c8   Code   RO          700    i.ANO_DT_Send_Speed  transfer.o
    0x08001c70   0x00000140   Code   RO          701    i.ANO_DT_Send_Status  transfer.o
    0x08001db0   0x0000000e   Code   RO         3534    i.BSP_CPU_ClkFreq   bsp.o
    0x08001dbe   0x00000004   Code   RO         1096    i.BusFault_Handler  stm32f4xx_it.o
    0x08001dc2   0x0000000c   Code   RO         3581    i.CPU_Init          cpu_core.o
    0x08001dce   0x00000002   PAD
    0x08001dd0   0x00000030   Code   RO         3582    i.CPU_NameClr       cpu_core.o
    0x08001e00   0x00000008   Code   RO         3584    i.CPU_NameInit      cpu_core.o
    0x08001e08   0x00000014   Code   RO         3588    i.CPU_TS_Init       cpu_core.o
    0x08001e1c   0x0000000c   Code   RO         3590    i.CPU_TS_TmrFreqSet  cpu_core.o
    0x08001e28   0x00000034   Code   RO         3536    i.CPU_TS_TmrInit    bsp.o
    0x08001e5c   0x0000000c   Code   RO         3537    i.CPU_TS_TmrRd      bsp.o
    0x08001e68   0x00000848   Code   RO          659    i.Control_Inner     control.o
    0x080026b0   0x00000456   Code   RO          660    i.Control_Outer     control.o
    0x08002b06   0x00000002   PAD
    0x08002b08   0x000000b0   Code   RO          661    i.Control_Para_Init  control.o
    0x08002bb8   0x00000054   Code   RO          824    i.DMA_BUF_Count_Init  usart2.o
    0x08002c0c   0x00000034   Code   RO         1360    i.DMA_ClearFlag     stm32f4xx_dma.o
    0x08002c40   0x00000016   Code   RO         1362    i.DMA_Cmd           stm32f4xx_dma.o
    0x08002c56   0x00000002   PAD
    0x08002c58   0x00000158   Code   RO         1363    i.DMA_DeInit        stm32f4xx_dma.o
    0x08002db0   0x00000014   Code   RO         1367    i.DMA_GetCmdStatus  stm32f4xx_dma.o
    0x08002dc4   0x00000044   Code   RO         1371    i.DMA_GetFlagStatus  stm32f4xx_dma.o
    0x08002e08   0x00000058   Code   RO         1374    i.DMA_Init          stm32f4xx_dma.o
    0x08002e60   0x00000004   Code   RO         1377    i.DMA_SetCurrDataCounter  stm32f4xx_dma.o
    0x08002e64   0x00000002   Code   RO         1097    i.DebugMon_Handler  stm32f4xx_it.o
    0x08002e66   0x00000090   Code   RO         1831    i.GPIO_Init         stm32f4xx_gpio.o
    0x08002ef6   0x00000046   Code   RO         1832    i.GPIO_PinAFConfig  stm32f4xx_gpio.o
    0x08002f3c   0x00000042   Code   RO          314    i.HMCInit           hmc5883l.o
    0x08002f7e   0x0000003a   Code   RO          315    i.HMC_Read_Byte     hmc5883l.o
    0x08002fb8   0x00000062   Code   RO          316    i.HMC_Read_Len      hmc5883l.o
    0x0800301a   0x00000014   Code   RO          317    i.HMC_Run           hmc5883l.o
    0x0800302e   0x00000044   Code   RO          318    i.HMC_Write_Byte    hmc5883l.o
    0x08003072   0x00000004   Code   RO         1098    i.HardFault_Handler  stm32f4xx_it.o
    0x08003076   0x00000002   PAD
    0x08003078   0x00000050   Code   RO          915    i.IIC_Ack           i2cdev.o
    0x080030c8   0x00000048   Code   RO          916    i.IIC_Init          i2cdev.o
    0x08003110   0x00000050   Code   RO          917    i.IIC_NAck          i2cdev.o
    0x08003160   0x0000006c   Code   RO          918    i.IIC_Read_Byte     i2cdev.o
    0x080031cc   0x00000068   Code   RO          919    i.IIC_Send_Byte     i2cdev.o
    0x08003234   0x0000004c   Code   RO          920    i.IIC_Start         i2cdev.o
    0x08003280   0x0000004c   Code   RO          921    i.IIC_Stop          i2cdev.o
    0x080032cc   0x00000060   Code   RO          922    i.IIC_Wait_Ack      i2cdev.o
    0x0800332c   0x00000880   Code   RO          427    i.IMUupdate         imu.o
    0x08003bac   0x00000574   Code   RO          200    i.MPU_DataProc      mpu6050.o
    0x08004120   0x0000009e   Code   RO          204    i.MPU_Init          mpu6050.o
    0x080041be   0x00000016   Code   RO          205    i.MPU_ReadData      mpu6050.o
    0x080041d4   0x00000074   Code   RO          207    i.MPU_Read_Len      mpu6050.o
    0x08004248   0x00000010   Code   RO          208    i.MPU_Set_Accel_Fsr  mpu6050.o
    0x08004258   0x00000010   Code   RO          209    i.MPU_Set_Gyro_Fsr  mpu6050.o
    0x08004268   0x0000003a   Code   RO          210    i.MPU_Set_LPF       mpu6050.o
    0x080042a2   0x0000002e   Code   RO          211    i.MPU_Set_Rate      mpu6050.o
    0x080042d0   0x00000044   Code   RO          212    i.MPU_Write_Byte    mpu6050.o
    0x08004314   0x00000004   Code   RO         1099    i.MemManage_Handler  stm32f4xx_it.o
    0x08004318   0x00000012   Code   RO         3897    i.Mem_Clr           lib_mem.o
    0x0800432a   0x00000054   Code   RO         3913    i.Mem_Set           lib_mem.o
    0x0800437e   0x00000002   Code   RO         1100    i.NMI_Handler       stm32f4xx_it.o
    0x08004380   0x00000078   Code   RO         1222    i.NVIC_Init         misc.o
    0x080043f8   0x00000014   Code   RO         1223    i.NVIC_PriorityGroupConfig  misc.o
    0x0800440c   0x000000a8   Code   RO         4166    i.OSCfg_Init        os_cfg_app.o
    0x080044b4   0x00000002   Code   RO         5154    i.OSIdleTaskHook    os_cpu_c.o
    0x080044b6   0x00000002   PAD
    0x080044b8   0x00000120   Code   RO         4189    i.OSInit            os_core.o
    0x080045d8   0x00000028   Code   RO         5155    i.OSInitHook        os_cpu_c.o
    0x08004600   0x0000002c   Code   RO         4190    i.OSIntEnter        os_core.o
    0x0800462c   0x000000dc   Code   RO         4191    i.OSIntExit         os_core.o
    0x08004708   0x00000130   Code   RO         4546    i.OSMemCreate       os_mem.o
    0x08004838   0x00000064   Code   RO         4547    i.OSMemGet          os_mem.o
    0x0800489c   0x00000070   Code   RO         4548    i.OSMemPut          os_mem.o
    0x0800490c   0x000000c4   Code   RO         4624    i.OSMutexCreate     os_mutex.o
    0x080049d0   0x000002d8   Code   RO         4626    i.OSMutexPend       os_mutex.o
    0x08004ca8   0x0000024c   Code   RO         4628    i.OSMutexPost       os_mutex.o
    0x08004ef4   0x000000a0   Code   RO         4192    i.OSSched           os_core.o
    0x08004f94   0x000000bc   Code   RO         4799    i.OSSemCreate       os_sem.o
    0x08005050   0x000001e0   Code   RO         4801    i.OSSemPend         os_sem.o
    0x08005230   0x00000068   Code   RO         4195    i.OSStart           os_core.o
    0x08005298   0x00000248   Code   RO         4878    i.OSTaskCreate      os_task.o
    0x080054e0   0x00000002   Code   RO         5157    i.OSTaskCreateHook  os_cpu_c.o
    0x080054e2   0x00000002   PAD
    0x080054e4   0x000001c4   Code   RO         4879    i.OSTaskDel         os_task.o
    0x080056a8   0x00000002   Code   RO         5158    i.OSTaskDelHook     os_cpu_c.o
    0x080056aa   0x00000002   PAD
    0x080056ac   0x00000210   Code   RO         4881    i.OSTaskQPend       os_task.o
    0x080058bc   0x0000007c   Code   RO         4883    i.OSTaskQPost       os_task.o
    0x08005938   0x00000002   Code   RO         5159    i.OSTaskReturnHook  os_cpu_c.o
    0x0800593a   0x00000002   PAD
    0x0800593c   0x00000214   Code   RO         4888    i.OSTaskSemPend     os_task.o
    0x08005b50   0x0000006c   Code   RO         4890    i.OSTaskSemPost     os_task.o
    0x08005bbc   0x00000058   Code   RO         4891    i.OSTaskSemSet      os_task.o
    0x08005c14   0x0000025c   Code   RO         5160    i.OSTaskStkInit     os_cpu_c.o
    0x08005e70   0x00000078   Code   RO         5161    i.OSTaskSwHook      os_cpu_c.o
    0x08005ee8   0x00000118   Code   RO         5087    i.OSTimeDly         os_time.o
    0x08006000   0x00000044   Code   RO         5092    i.OSTimeTick        os_time.o
    0x08006044   0x00000002   Code   RO         5162    i.OSTimeTickHook    os_cpu_c.o
    0x08006046   0x00000002   PAD
    0x08006048   0x0000019c   Code   RO         4417    i.OS_Dbg_Init       os_dbg.o
    0x080061e4   0x00000018   Code   RO         4442    i.OS_FlagInit       os_flag.o
    0x080061fc   0x00000230   Code   RO         4443    i.OS_FlagPost       os_flag.o
    0x0800642c   0x00000056   Code   RO         4444    i.OS_FlagTaskRdy    os_flag.o
    0x08006482   0x00000002   PAD
    0x08006484   0x00000038   Code   RO         4197    i.OS_IdleTask       os_core.o
    0x080064bc   0x00000070   Code   RO         4198    i.OS_IdleTaskInit   os_core.o
    0x0800652c   0x000000fc   Code   RO         4516    i.OS_IntQPost       os_int.o
    0x08006628   0x00000158   Code   RO         4517    i.OS_IntQRePost     os_int.o
    0x08006780   0x000000b4   Code   RO         4518    i.OS_IntQTask       os_int.o
    0x08006834   0x00000128   Code   RO         4519    i.OS_IntQTaskInit   os_int.o
    0x0800695c   0x00000028   Code   RO         4549    i.OS_MemDbgListAdd  os_mem.o
    0x08006984   0x00000018   Code   RO         4550    i.OS_MemInit        os_mem.o
    0x0800699c   0x00000036   Code   RO         4582    i.OS_MsgPoolCreate  os_msg.o
    0x080069d2   0x00000002   PAD
    0x080069d4   0x00000054   Code   RO         4583    i.OS_MsgPoolInit    os_msg.o
    0x08006a28   0x00000044   Code   RO         4584    i.OS_MsgQFreeAll    os_msg.o
    0x08006a6c   0x00000068   Code   RO         4585    i.OS_MsgQGet        os_msg.o
    0x08006ad4   0x0000000e   Code   RO         4586    i.OS_MsgQInit       os_msg.o
    0x08006ae2   0x00000002   PAD
    0x08006ae4   0x000000fc   Code   RO         4587    i.OS_MsgQPut        os_msg.o
    0x08006be0   0x00000030   Code   RO         4630    i.OS_MutexDbgListAdd  os_mutex.o
    0x08006c10   0x00000018   Code   RO         4632    i.OS_MutexInit      os_mutex.o
    0x08006c28   0x00000068   Code   RO         4199    i.OS_Pend           os_core.o
    0x08006c90   0x00000026   Code   RO         4202    i.OS_PendDataInit   os_core.o
    0x08006cb6   0x00000002   PAD
    0x08006cb8   0x0000005c   Code   RO         4203    i.OS_PendDbgNameAdd  os_core.o
    0x08006d14   0x00000024   Code   RO         4204    i.OS_PendDbgNameRemove  os_core.o
    0x08006d38   0x00000046   Code   RO         4205    i.OS_PendListChangePrio  os_core.o
    0x08006d7e   0x0000000a   Code   RO         4206    i.OS_PendListInit   os_core.o
    0x08006d88   0x00000066   Code   RO         4208    i.OS_PendListInsertPrio  os_core.o
    0x08006dee   0x00000030   Code   RO         4209    i.OS_PendListRemove  os_core.o
    0x08006e1e   0x00000042   Code   RO         4210    i.OS_PendListRemove1  os_core.o
    0x08006e60   0x000000c0   Code   RO         4213    i.OS_Post           os_core.o
    0x08006f20   0x0000002a   Code   RO         4214    i.OS_Post1          os_core.o
    0x08006f4a   0x00000002   PAD
    0x08006f4c   0x00000028   Code   RO         4690    i.OS_PrioGetHighest  os_prio.o
    0x08006f74   0x00000018   Code   RO         4691    i.OS_PrioInit       os_prio.o
    0x08006f8c   0x00000024   Code   RO         4692    i.OS_PrioInsert     os_prio.o
    0x08006fb0   0x00000024   Code   RO         4693    i.OS_PrioRemove     os_prio.o
    0x08006fd4   0x00000018   Code   RO         4736    i.OS_QInit          os_q.o
    0x08006fec   0x0000014c   Code   RO         4737    i.OS_QPost          os_q.o
    0x08007138   0x00000024   Code   RO         4215    i.OS_RdyListInit    os_core.o
    0x0800715c   0x0000002c   Code   RO         4216    i.OS_RdyListInsert  os_core.o
    0x08007188   0x00000040   Code   RO         4217    i.OS_RdyListInsertHead  os_core.o
    0x080071c8   0x0000003c   Code   RO         4218    i.OS_RdyListInsertTail  os_core.o
    0x08007204   0x0000005c   Code   RO         4220    i.OS_RdyListRemove  os_core.o
    0x08007260   0x00000054   Code   RO         4221    i.OS_Sched0         os_core.o
    0x080072b4   0x00000030   Code   RO         4806    i.OS_SemDbgListAdd  os_sem.o
    0x080072e4   0x00000018   Code   RO         4808    i.OS_SemInit        os_sem.o
    0x080072fc   0x00000164   Code   RO         4809    i.OS_SemPost        os_sem.o
    0x08007460   0x00000038   Code   RO         4224    i.OS_TaskBlock      os_core.o
    0x08007498   0x00000030   Code   RO         4894    i.OS_TaskDbgListAdd  os_task.o
    0x080074c8   0x00000044   Code   RO         4895    i.OS_TaskDbgListRemove  os_task.o
    0x0800750c   0x00000020   Code   RO         4896    i.OS_TaskInit       os_task.o
    0x0800752c   0x000000c8   Code   RO         4897    i.OS_TaskInitTCB    os_task.o
    0x080075f4   0x0000020c   Code   RO         4898    i.OS_TaskQPost      os_task.o
    0x08007800   0x0000001c   Code   RO         4225    i.OS_TaskRdy        os_core.o
    0x0800781c   0x00000140   Code   RO         4899    i.OS_TaskResume     os_task.o
    0x0800795c   0x00000018   Code   RO         4900    i.OS_TaskReturn     os_task.o
    0x08007974   0x000004c4   Code   RO         4901    i.OS_TaskSemPost    os_task.o
    0x08007e38   0x00000150   Code   RO         4902    i.OS_TaskSuspend    os_task.o
    0x08007f88   0x00000028   Code   RO         5039    i.OS_TickListInit   os_tick.o
    0x08007fb0   0x000001bc   Code   RO         5040    i.OS_TickListInsert  os_tick.o
    0x0800816c   0x00000038   Code   RO         5041    i.OS_TickListRemove  os_tick.o
    0x080081a4   0x000001f8   Code   RO         5043    i.OS_TickListUpdate  os_tick.o
    0x0800839c   0x0000002c   Code   RO         5044    i.OS_TickTask       os_tick.o
    0x080083c8   0x000000b8   Code   RO         5045    i.OS_TickTaskInit   os_tick.o
    0x08008480   0x00000048   Code   RO         1022    i.PutTaskRun        tim2.o
    0x080084c8   0x00000020   Code   RO         1978    i.RCC_AHB1PeriphClockCmd  stm32f4xx_rcc.o
    0x080084e8   0x00000020   Code   RO         1987    i.RCC_APB1PeriphClockCmd  stm32f4xx_rcc.o
    0x08008508   0x00000020   Code   RO         1990    i.RCC_APB2PeriphClockCmd  stm32f4xx_rcc.o
    0x08008528   0x000000e8   Code   RO         1999    i.RCC_GetClocksFreq  stm32f4xx_rcc.o
    0x08008610   0x00000018   Code   RO            3    i.Rc_DataTrans      rc_proc.o
    0x08008628   0x00000490   Code   RO          320    i.Read_HMC5883L     hmc5883l.o
    0x08008ab8   0x00000002   Code   RO         1101    i.SVC_Handler       stm32f4xx_it.o
    0x08008aba   0x00000002   PAD
    0x08008abc   0x000000e8   Code   RO         1178    i.SetSysClock       system_stm32f4xx.o
    0x08008ba4   0x00000028   Code   RO         1226    i.SysTick_CLKSourceConfig  misc.o
    0x08008bcc   0x00000020   Code   RO          761    i.SysTick_Handler   systim.o
    0x08008bec   0x00000068   Code   RO         1180    i.SystemInit        system_stm32f4xx.o
    0x08008c54   0x0000003a   Code   RO         2722    i.TI1_Config        stm32f4xx_tim.o
    0x08008c8e   0x00000050   Code   RO         2723    i.TI2_Config        stm32f4xx_tim.o
    0x08008cde   0x00000048   Code   RO         2724    i.TI3_Config        stm32f4xx_tim.o
    0x08008d26   0x00000050   Code   RO         2725    i.TI4_Config        stm32f4xx_tim.o
    0x08008d76   0x00000002   PAD
    0x08008d78   0x000000f8   Code   RO          895    i.TIM1_Pwm_Init     tim1_pwm_out.o
    0x08008e70   0x00000010   Code   RO         1023    i.TIM2_IRQHandler   tim2.o
    0x08008e80   0x00000150   Code   RO          789    i.TIM3_Cap_Init     tim3_capture.o
    0x08008fd0   0x00000010   Code   RO          790    i.TIM3_IRQHandler   tim3_capture.o
    0x08008fe0   0x00000010   Code   RO          377    i.TIM4_IRQHandler   ultrasonic.o
    0x08008ff0   0x00000006   Code   RO         2733    i.TIM_ClearITPendingBit  stm32f4xx_tim.o
    0x08008ff6   0x00000018   Code   RO         2738    i.TIM_Cmd           stm32f4xx_tim.o
    0x0800900e   0x0000001e   Code   RO         2740    i.TIM_CtrlPWMOutputs  stm32f4xx_tim.o
    0x0800902c   0x00000006   Code   RO         2753    i.TIM_GetCapture1   stm32f4xx_tim.o
    0x08009032   0x00000006   Code   RO         2754    i.TIM_GetCapture2   stm32f4xx_tim.o
    0x08009038   0x00000006   Code   RO         2755    i.TIM_GetCapture3   stm32f4xx_tim.o
    0x0800903e   0x00000006   Code   RO         2756    i.TIM_GetCapture4   stm32f4xx_tim.o
    0x08009044   0x00000022   Code   RO         2759    i.TIM_GetITStatus   stm32f4xx_tim.o
    0x08009066   0x0000006e   Code   RO         2761    i.TIM_ICInit        stm32f4xx_tim.o
    0x080090d4   0x00000012   Code   RO         2763    i.TIM_ITConfig      stm32f4xx_tim.o
    0x080090e6   0x00000002   PAD
    0x080090e8   0x0000007c   Code   RO         2767    i.TIM_OC1Init       stm32f4xx_tim.o
    0x08009164   0x000000a4   Code   RO         2772    i.TIM_OC2Init       stm32f4xx_tim.o
    0x08009208   0x000000a0   Code   RO         2777    i.TIM_OC3Init       stm32f4xx_tim.o
    0x080092a8   0x00000078   Code   RO         2782    i.TIM_OC4Init       stm32f4xx_tim.o
    0x08009320   0x00000012   Code   RO         2805    i.TIM_SetIC1Prescaler  stm32f4xx_tim.o
    0x08009332   0x0000001a   Code   RO         2806    i.TIM_SetIC2Prescaler  stm32f4xx_tim.o
    0x0800934c   0x00000012   Code   RO         2807    i.TIM_SetIC3Prescaler  stm32f4xx_tim.o
    0x0800935e   0x0000001a   Code   RO         2808    i.TIM_SetIC4Prescaler  stm32f4xx_tim.o
    0x08009378   0x00000084   Code   RO         2810    i.TIM_TimeBaseInit  stm32f4xx_tim.o
    0x080093fc   0x00000248   Code   RO          562    i.Task_Attitude     application.o
    0x08009644   0x0000036c   Code   RO          563    i.Task_Control      application.o
    0x080099b0   0x00000068   Code   RO          564    i.Task_RcDataProc   application.o
    0x08009a18   0x000001c4   Code   RO          565    i.Task_ReceData     application.o
    0x08009bdc   0x00000248   Code   RO          566    i.Task_SendData     application.o
    0x08009e24   0x00000014   Code   RO          567    i.Task_ShowState    application.o
    0x08009e38   0x00000304   Code   RO          568    i.Task_Start        application.o
    0x0800a13c   0x00000048   Code   RO          470    i.To_180_degrees    mymath.o
    0x0800a184   0x00000010   Code   RO          825    i.USART2_IRQHandler  usart2.o
    0x0800a194   0x00000012   Code   RO         3284    i.USART_ClearFlag   stm32f4xx_usart.o
    0x0800a1a6   0x00000018   Code   RO         3288    i.USART_Cmd         stm32f4xx_usart.o
    0x0800a1be   0x00000012   Code   RO         3289    i.USART_DMACmd      stm32f4xx_usart.o
    0x0800a1d0   0x00000054   Code   RO         3292    i.USART_GetITStatus  stm32f4xx_usart.o
    0x0800a224   0x0000004a   Code   RO         3294    i.USART_ITConfig    stm32f4xx_usart.o
    0x0800a26e   0x00000002   PAD
    0x0800a270   0x000000d4   Code   RO         3295    i.USART_Init        stm32f4xx_usart.o
    0x0800a344   0x0000000a   Code   RO         3302    i.USART_ReceiveData  stm32f4xx_usart.o
    0x0800a34e   0x00000002   PAD
    0x0800a350   0x000000e8   Code   RO          380    i.Ultrasonic_Init   ultrasonic.o
    0x0800a438   0x00000004   Code   RO         1102    i.UsageFault_Handler  stm32f4xx_it.o
    0x0800a43c   0x0000007c   Code   RO          826    i.Usart2_DMA_Config  usart2.o
    0x0800a4b8   0x00000054   Code   RO          827    i.Usart2_DMA_Send_Start  usart2.o
    0x0800a50c   0x000000b4   Code   RO          828    i.Usart2_init       usart2.o
    0x0800a5c0   0x00000064   Code   RO         1025    i._TIM2_IRQHandler  tim2.o
    0x0800a624   0x000001d0   Code   RO          791    i._TIM3_IRQHandler  tim3_capture.o
    0x0800a7f4   0x00000090   Code   RO          381    i._TIM4_IRQHandler  ultrasonic.o
    0x0800a884   0x000000c0   Code   RO          829    i._USART2_IRQHandler  usart2.o
    0x0800a944   0x00000030   Code   RO         5424    i.__ARM_fpclassify  m_wm.l(fpclassify.o)
    0x0800a974   0x00000004   PAD
    0x0800a978   0x00000360   Code   RO         5346    i.__hardfp_asin     m_wm.l(asin.o)
    0x0800acd8   0x00000038   Code   RO         5360    i.__hardfp_atof     m_wm.l(atof.o)
    0x0800ad10   0x000000d0   Code   RO         5639    i.__hardfp_ldexp    m_wm.l(ldexp.o)
    0x0800ade0   0x000000f8   Code   RO         5426    i.__kernel_poly     m_wm.l(poly.o)
    0x0800aed8   0x00000014   Code   RO         5405    i.__mathlib_dbl_infnan  m_wm.l(dunder.o)
    0x0800aeec   0x00000004   PAD
    0x0800aef0   0x00000020   Code   RO         5407    i.__mathlib_dbl_invalid  m_wm.l(dunder.o)
    0x0800af10   0x00000020   Code   RO         5408    i.__mathlib_dbl_overflow  m_wm.l(dunder.o)
    0x0800af30   0x00000020   Code   RO         5410    i.__mathlib_dbl_underflow  m_wm.l(dunder.o)
    0x0800af50   0x000000b8   Code   RO         5586    i.__mathlib_narrow  m_wm.l(narrow.o)
    0x0800b008   0x00000014   Code   RO         5641    i.__support_ldexp   m_wm.l(ldexp.o)
    0x0800b01c   0x0000000e   Code   RO         5468    i._is_digit         c_w.l(scanf_fp.o)
    0x0800b02a   0x00000006   Code   RO          830    i._sys_exit         usart2.o
    0x0800b030   0x00000084   Code   RO          762    i.delay_init        systim.o
    0x0800b0b4   0x00000018   Code   RO         5420    i.fabs              m_wm.l(fabs.o)
    0x0800b0cc   0x0000017c   Code   RO          471    i.fast_atan2        mymath.o
    0x0800b248   0x0000008c   Code   RO         5616    i.frexp             m_wm.l(frexp.o)
    0x0800b2d4   0x0000006c   Code   RO          995    i.hardware_init     hard.o
    0x0800b340   0x000000ec   Code   RO         1064    i.main              main.o
    0x0800b42c   0x0000001a   Code   RO          473    i.my_abs            mymath.o
    0x0800b446   0x0000001c   Code   RO          975    i.my_delay_ms       my_delay.o
    0x0800b462   0x0000001a   Code   RO          976    i.my_delay_us       my_delay.o
    0x0800b47c   0x0000000a   Code   RO          478    i.my_pow            mymath.o
    0x0800b486   0x00000002   PAD
    0x0800b488   0x0000005c   Code   RO          481    i.my_sqrt           mymath.o
    0x0800b4e4   0x0000007c   Code   RO            4    i.rc_data_proc      rc_proc.o
    0x0800b560   0x0000011c   Code   RO          429    i.simple_3d_trans   imu.o
    0x0800b67c   0x0000006e   Code   RO         5368    i.sqrt              m_wm.l(sqrt.o)
    0x0800b6ea   0x00000002   PAD
    0x0800b6ec   0x0000002c   Code   RO         5455    locale$$code        c_w.l(lc_numeric_c.o)
    0x0800b718   0x0000002c   Code   RO         5564    locale$$code        c_w.l(lc_ctype_c.o)
    0x0800b744   0x00000018   Code   RO         5389    x$fpl$basic         fz_wm.l(basic.o)
    0x0800b75c   0x00000062   Code   RO         5316    x$fpl$d2f           fz_wm.l(d2f.o)
    0x0800b7be   0x00000002   PAD
    0x0800b7c0   0x00000150   Code   RO         5318    x$fpl$dadd          fz_wm.l(daddsub_clz.o)
    0x0800b910   0x00000010   Code   RO         5690    x$fpl$dcheck1       fz_wm.l(dcheck1.o)
    0x0800b920   0x00000018   Code   RO         5391    x$fpl$dcmpinf       fz_wm.l(dcmpi.o)
    0x0800b938   0x000002b0   Code   RO         5325    x$fpl$ddiv          fz_wm.l(ddiv.o)
    0x0800bbe8   0x00000078   Code   RO         5612    x$fpl$deqf          fz_wm.l(deqf.o)
    0x0800bc60   0x00000078   Code   RO         5338    x$fpl$dleqf         fz_wm.l(dleqf.o)
    0x0800bcd8   0x00000154   Code   RO         5340    x$fpl$dmul          fz_wm.l(dmul.o)
    0x0800be2c   0x0000009c   Code   RO         5393    x$fpl$dnaninf       fz_wm.l(dnaninf.o)
    0x0800bec8   0x0000000c   Code   RO         5395    x$fpl$dretinf       fz_wm.l(dretinf.o)
    0x0800bed4   0x0000006c   Code   RO         5342    x$fpl$drleqf        fz_wm.l(drleqf.o)
    0x0800bf40   0x00000016   Code   RO         5319    x$fpl$drsb          fz_wm.l(daddsub_clz.o)
    0x0800bf56   0x00000002   PAD
    0x0800bf58   0x00000198   Code   RO         5397    x$fpl$dsqrt         fz_wm.l(dsqrt_umaal.o)
    0x0800c0f0   0x000001d4   Code   RO         5320    x$fpl$dsub          fz_wm.l(daddsub_clz.o)
    0x0800c2c4   0x00000056   Code   RO         5344    x$fpl$f2d           fz_wm.l(f2d.o)
    0x0800c31a   0x0000008c   Code   RO         5399    x$fpl$fnaninf       fz_wm.l(fnaninf.o)
    0x0800c3a6   0x0000000a   Code   RO         5575    x$fpl$fpinit        fz_wm.l(fpinit.o)
    0x0800c3b0   0x0000000a   Code   RO         5401    x$fpl$fretinf       fz_wm.l(fretinf.o)
    0x0800c3ba   0x00000064   Code   RO         5692    x$fpl$retnan        fz_wm.l(retnan.o)
    0x0800c41e   0x0000005c   Code   RO         5687    x$fpl$scalbn        fz_wm.l(scalbn.o)
    0x0800c47a   0x00000004   Code   RO         5457    x$fpl$scanf1        fz_wm.l(scanf1.o)
    0x0800c47e   0x00000008   Code   RO         5579    x$fpl$scanf2        fz_wm.l(scanf2.o)
    0x0800c486   0x00000030   Code   RO         5694    x$fpl$trapveneer    fz_wm.l(trapv.o)
    0x0800c4b6   0x00000000   Code   RO         5403    x$fpl$usenofp       fz_wm.l(usenofp.o)
    0x0800c4b6   0x00000002   PAD
    0x0800c4b8   0x00000020   Data   RO          570    .constdata          application.o
    0x0800c4d8   0x000000a4   Data   RO         4168    .constdata          os_cfg_app.o
    0x0800c57c   0x0000016c   Data   RO         4418    .constdata          os_dbg.o
    0x0800c6e8   0x00000050   Data   RO         5349    .constdata          m_wm.l(asin.o)
    0x0800c738   0x00000094   Data   RO         5539    .constdata          c_w.l(bigflt0.o)
    0x0800c7cc   0x00000020   Data   RO         5696    Region$$Table       anon$$obj.o
    0x0800c7ec   0x00000008   Data   RO         5572    c$$dinf             fz_wm.l(fpconst.o)
    0x0800c7f4   0x0000001c   Data   RO         5454    locale$$data        c_w.l(lc_numeric_c.o)
    0x0800c810   0x00000110   Data   RO         5563    locale$$data        c_w.l(lc_ctype_c.o)


    Execution Region RW_IRAM1 (Base: 0x20000000, Size: 0x000068c0, Max: 0x00020000, ABSOLUTE, COMPRESSED[0x00000448])

    Base Addr    Size         Type   Attr      Idx    E Section Name        Object

    0x20000000   0x00000008   Data   RW            5    .data               rc_proc.o
    0x20000008   0x00000008   Data   RW          215    .data               mpu6050.o
    0x20000010   0x0000001e   Data   RW          322    .data               hmc5883l.o
    0x2000002e   0x00000010   Data   RW          382    .data               ultrasonic.o
    0x2000003e   0x00000002   PAD
    0x20000040   0x00000060   Data   RW          431    .data               imu.o
    0x200000a0   0x00000404   Data   RW          482    .data               mymath.o
    0x200004a4   0x00000020   Data   RW          571    .data               application.o
    0x200004c4   0x00000012   Data   RW          663    .data               control.o
    0x200004d6   0x00000004   Data   RW          763    .data               systim.o
    0x200004da   0x00000018   Data   RW          792    .data               tim3_capture.o
    0x200004f2   0x00000002   PAD
    0x200004f4   0x0000001a   Data   RW          833    .data               usart2.o
    0x2000050e   0x00000002   Data   RW         1026    .data               tim2.o
    0x20000510   0x00000010   Data   RW         2031    .data               stm32f4xx_rcc.o
    0x20000520   0x00000004   Data   RW         3594    .data               cpu_core.o
    0x20000524   0x00000008   Data   RW         4694    .data               os_prio.o
    0x2000052c   0x00000074   Data   RW         5136    .data               os_var.o
    0x200005a0   0x00000004   Data   RW         5165    .data               os_cpu_c.o
    0x200005a4   0x00000148   Zero   RW          214    .bss                mpu6050.o
    0x200006ec   0x00000030   Zero   RW          321    .bss                hmc5883l.o
    0x2000071c   0x00000060   Zero   RW          430    .bss                imu.o
    0x2000077c   0x0000433c   Zero   RW          569    .bss                application.o
    0x20004ab8   0x00000138   Zero   RW          662    .bss                control.o
    0x20004bf0   0x00000032   Zero   RW          703    .bss                transfer.o
    0x20004c22   0x000000c8   Zero   RW          832    .bss                usart2.o
    0x20004cea   0x00000010   Zero   RW         3592    .bss                cpu_core.o
    0x20004cfa   0x00000002   PAD
    0x20004cfc   0x00001008   Zero   RW         4167    .bss                os_cfg_app.o
    0x20005d04   0x00000558   Zero   RW         5135    .bss                os_var.o
    0x2000625c   0x00000060   Zero   RW         5460    .bss                c_w.l(libspace.o)
    0x200062bc   0x00000004   PAD
    0x200062c0   0x00000200   Zero   RW         1214    HEAP                startup_stm32f411xe.o
    0x200064c0   0x00000400   Zero   RW         1213    STACK               startup_stm32f411xe.o


==============================================================================

Image component sizes


      Code (inc. data)   RO Data    RW Data    ZI Data      Debug   Object Name

      3392        428         32         32      17212      10994   application.o
        78         14          0          0          0       1926   bsp.o
      3406        146          0         18        312       4333   control.o
        52          0          0          0          0        404   cpu_a.o
       100         18          0          4         16      13221   cpu_core.o
       108         10          0          0          0      27243   hard.o
      1478         42          0         30         48       5785   hmc5883l.o
       692        108          0          0          0       5238   i2cdev.o
      2460        132          0         96         96       4113   imu.o
       102          0          0          0          0       2112   lib_mem.o
       236         32          0          0          0        683   main.o
       180         24          0          0          0       2497   misc.o
      1896         44          0          8        328       8203   mpu6050.o
        54          0          0          0          0       1420   my_delay.o
       580         48          0       1028          0       4584   mymath.o
       168        110        164          0       4104      19904   os_cfg_app.o
      2248        294          0          0          0      20686   os_core.o
       172         32          0          0          0        472   os_cpu_a.o
       774         28          0          4          0       7551   os_cpu_c.o
       412        272        364          0          0       5105   os_dbg.o
       670         26          0          0          0       3465   os_flag.o
      1072        186          0          0          0       4002   os_int.o
       580         32          0          0          0       4832   os_mem.o
       576         32          0          0          0       5449   os_msg.o
      1584         92          0          0          0       5252   os_mutex.o
       136         16          0          8          0       3554   os_prio.o
       356         18          0          0          0       2478   os_q.o
      1096         60          0          0          0       5399   os_sem.o
      5188        256          0          0          0      16521   os_task.o
      1272        116          0          0          0       5762   os_tick.o
       348         28          0          0          0       2037   os_time.o
         0          0          0        116       1368      17995   os_var.o
       148          6          0          8          0     303932   rc_proc.o
        64         26        408          0       1536        904   startup_stm32f411xe.o
       598         54          0          0          0       6422   stm32f4xx_dma.o
       214          0          0          0          0       2067   stm32f4xx_gpio.o
        22          0          0          0          0       3899   stm32f4xx_it.o
       328         36          0         16          0       5247   stm32f4xx_rcc.o
      1324         66          0          0          0      17624   stm32f4xx_tim.o
       440          8          0          0          0       6231   stm32f4xx_usart.o
       336         32          0          0          0       1821   system_stm32f4xx.o
       164         20          0          4          0       1575   systim.o
       248         10          0          0          0        908   tim1_pwm_out.o
       188         30          0          2          0       1874   tim2.o
       816         30          0         24          0       3225   tim3_capture.o
      1632         40          0          0         50       6524   transfer.o
       392         36          0         16          0       2768   ultrasonic.o
       686         84          0         26        200       7191   usart2.o

    ----------------------------------------------------------------------
     39106       3122       1000       1444      25272     595432   Object Totals
         0          0         32          0          0          0   (incl. Generated)
        40          0          0          4          2          0   (incl. Padding)

    ----------------------------------------------------------------------

      Code (inc. data)   RO Data    RW Data    ZI Data      Debug   Library Member Name

        90          0          0          0          0          0   __dczerorl2.o
         8          0          0          0          0         68   __main.o
         0          0          0          0          0          0   __rtentry.o
        12          0          0          0          0          0   __rtentry2.o
         6          0          0          0          0          0   __rtentry4.o
        52          8          0          0          0          0   __scatter.o
        28          0          0          0          0          0   __scatter_zi.o
        28          0          0          0          0         68   _chval.o
        22          0          0          0          0        100   _rserrno.o
        64          0          0          0          0         84   _sgetc.o
       220          4        148          0          0         96   bigflt0.o
      1846        132          0          0          0        736   btod.o
        12          0          0          0          0         72   exit.o
         6          0          0          0          0        152   heapauxi.o
        18          0          0          0          0         76   isspace.o
        44         10        272          0          0         76   lc_ctype_c.o
        44         10         28          0          0         76   lc_numeric_c.o
         2          0          0          0          0          0   libinit.o
        34          0          0          0          0          0   libinit2.o
         2          0          0          0          0          0   libshutdown.o
         2          0          0          0          0          0   libshutdown2.o
         8          4          0          0         96         68   libspace.o
        38          0          0          0          0         68   llshl.o
        16          4          0          0          0         76   rt_ctype_table.o
         8          4          0          0          0         68   rt_errno_addr_intlibspace.o
         8          4          0          0          0         68   rt_locale_intlibspace.o
         2          0          0          0          0          0   rtexit.o
        10          0          0          0          0          0   rtexit2.o
      1202         12          0          0          0        216   scanf_fp.o
       792         14          0          0          0        100   scanf_hexfp.o
       308         16          0          0          0        100   scanf_infnan.o
       128          0          0          0          0         68   strcmpv7m.o
        62          0          0          0          0         76   strlen.o
       160         12          0          0          0        120   strtod.o
        74          0          0          0          0         80   sys_stackheap_outer.o
         2          0          0          0          0         68   use_no_semi.o
         2          0          0          0          0         68   use_no_semi_2.o
        24          0          0          0          0        164   basic.o
        98          4          0          0          0        140   d2f.o
       826         16          0          0          0        492   daddsub_clz.o
        16          4          0          0          0        116   dcheck1.o
        24          0          0          0          0        116   dcmpi.o
       688        140          0          0          0        256   ddiv.o
       120          4          0          0          0        140   deqf.o
       120          4          0          0          0        140   dleqf.o
       340         12          0          0          0        152   dmul.o
       156          4          0          0          0        140   dnaninf.o
        12          0          0          0          0        116   dretinf.o
       108          0          0          0          0        128   drleqf.o
       408         56          0          0          0        168   dsqrt_umaal.o
        86          4          0          0          0        132   f2d.o
       140          4          0          0          0        132   fnaninf.o
         0          0          8          0          0          0   fpconst.o
        10          0          0          0          0        116   fpinit.o
        10          0          0          0          0        116   fretinf.o
       100          0          0          0          0        116   retnan.o
        92          0          0          0          0        116   scalbn.o
         4          0          0          0          0        116   scanf1.o
         8          0          0          0          0        132   scanf2.o
        48          0          0          0          0        116   trapv.o
         0          0          0          0          0          0   usenofp.o
       864         94         80          0          0        280   asin.o
        56         12          0          0          0        132   atof.o
       116         24          0          0          0        496   dunder.o
        24          0          0          0          0        124   fabs.o
        48          0          0          0          0        124   fpclassify.o
       140         22          0          0          0        132   frexp.o
       228          8          0          0          0        308   ldexp.o
       184         18          0          0          0        152   narrow.o
       248          0          0          0          0        152   poly.o
       110          0          0          0          0        148   sqrt.o

    ----------------------------------------------------------------------
     10846        666        536          0        100       8256   Library Totals
        30          2          0          0          4          0   (incl. Padding)

    ----------------------------------------------------------------------

      Code (inc. data)   RO Data    RW Data    ZI Data      Debug   Library Name

      5360        234        448          0         96       2848   c_w.l
      3438        252          8          0          0       3360   fz_wm.l
      2018        178         80          0          0       2048   m_wm.l

    ----------------------------------------------------------------------
     10846        666        536          0        100       8256   Library Totals

    ----------------------------------------------------------------------

==============================================================================


      Code (inc. data)   RO Data    RW Data    ZI Data      Debug   

     49952       3788       1536       1444      25372     576680   Grand Totals
     49952       3788       1536       1096      25372     576680   ELF Image Totals (compressed)
     49952       3788       1536       1096          0          0   ROM Totals

==============================================================================

    Total RO  Size (Code + RO Data)                51488 (  50.28kB)
    Total RW  Size (RW Data + ZI Data)             26816 (  26.19kB)
    Total ROM Size (Code + RO Data + RW Data)      52584 (  51.35kB)

==============================================================================

