<html>
<body>
<pre>
<h1>礦ision Build Log</h1>
<h2>Tool Versions:</h2>
IDE-Version: μVision V5.14.0.0
Copyright (C) 2015 ARM Ltd and ARM Germany GmbH. All rights reserved.
License Information: 1 1, 1, LIC=R4HY8-31RD5-WK3B8-3M96J-74GUY-FISVT
 
Tool Versions:
Toolchain:       MDK-ARM Professional  Version: 5.14.0.0
Toolchain Path:  D:\Keil_v5\ARM\ARMCC\Bin
C Compiler:      Armcc.exe V5.05 update 1 (build 106)
Assembler:       Armasm.exe V5.05 update 1 (build 106)
Linker/Locator:  ArmLink.exe V5.05 update 1 (build 106)
Library Manager: ArmAr.exe V5.05 update 1 (build 106)
Hex Converter:   FromElf.exe V5.05 update 1 (build 106)
CPU DLL:         SARMCM3.DLL V5.14.0.0
Dialog DLL:      DCM.DLL V1.13.1.0
Target DLL:      STLink\ST-LINKIII-KEIL_SWO.dll V2.0.14.0_KEIL
Dialog DLL:      TCM.DLL V1.14.4.0
 
<h2>Project:</h2>
F:\MyProject\四轴飞行器项目\0.四轴飞行器代码重构\代码记录\12-19-2 尝试对限幅进行整定 - 无定高，参数固定式输入\Drone\USER\MyDrone.uvprojx
Project File Date:  11/19/2016

<h2>Output:</h2>
Build target 'MyDrone'
compiling rc_proc.c...
compiling MPU6050.c...
compiling HMC5883L.c...
compiling ultrasonic.c...
compiling imu.c...
compiling mymath.c...
compiling application.c...
compiling control.c...
compiling transfer.c...
compiling systim.c...
..\BSP\systim.c(7): warning:  #550-D: variable "fac_ms" was set but never used
  static u16 fac_ms=0;                                                  //ms延时倍乘数,在os下,代表每个节拍的ms数
..\BSP\systim.c: 1 warning, 0 errors
compiling tim3_capture.c...
compiling usart2.c...
..\BSP\usart2.c(135): warning:  #550-D: variable "ndtr" was set but never used
        uint16_t ndtr;
..\BSP\usart2.c(163): warning:  #177-D: variable "Usart_Flag" was declared but never referenced
        static u8 Usart_Flag = 0; 
..\BSP\usart2.c: 2 warnings, 0 errors
compiling tim1_pwm_out.c...
compiling I2Cdev.c...
compiling my_delay.c...
compiling hard.c...
compiling tim2.c...
compiling main.c...
compiling stm32f4xx_it.c...
compiling system_stm32f4xx.c...
assembling startup_stm32f411xe.s...
compiling misc.c...
compiling stm32f4xx_crc.c...
compiling stm32f4xx_dbgmcu.c...
compiling stm32f4xx_dma.c...
compiling stm32f4xx_exti.c...
compiling stm32f4xx_flash.c...
compiling stm32f4xx_flash_ramfunc.c...
compiling stm32f4xx_gpio.c...
compiling stm32f4xx_iwdg.c...
compiling stm32f4xx_rcc.c...
compiling stm32f4xx_rtc.c...
compiling stm32f4xx_syscfg.c...
compiling stm32f4xx_tim.c...
compiling stm32f4xx_usart.c...
compiling stm32f4xx_wwdg.c...
compiling bsp.c...
compiling cpu_core.c...
compiling cpu_c.c...
assembling cpu_a.asm...
compiling lib_ascii.c...
compiling lib_math.c...
compiling lib_mem.c...
compiling lib_str.c...
assembling lib_mem_a.asm...
compiling os_cfg_app.c...
compiling os_core.c...
compiling os_dbg.c...
compiling os_flag.c...
compiling os_int.c...
..\UCOSIII\uCOS-III\Source\os_int.c(161): warning:  #177-D: variable "ts" was declared but never referenced
      CPU_TS  ts;
..\UCOSIII\uCOS-III\Source\os_int.c: 1 warning, 0 errors
compiling os_mem.c...
compiling os_msg.c...
compiling os_mutex.c...
compiling os_pend_multi.c...
compiling os_prio.c...
compiling os_q.c...
compiling os_sem.c...
compiling os_stat.c...
compiling os_task.c...
compiling os_tick.c...
compiling os_time.c...
compiling os_tmr.c...
compiling os_var.c...
assembling os_cpu_a.asm...
compiling os_cpu_c.c...
compiling os_app_hooks.c...
linking...
Program Size: Code=49952 RO-data=1536 RW-data=1444 ZI-data=25372  
FromELF: creating hex file...
".\Objects\MyDrone.axf" - 0 Error(s), 4 Warning(s).

<h2>Collection of Component include folders:</h2>
  F:\MyProject\四轴飞行器项目\0.四轴飞行器代码重构\代码记录\12-19-2 尝试对限幅进行整定 - 无定高，参数固定式输入\Drone\USER\RTE
  D:\Keil_v5\ARM\PACK\Keil\STM32F4xx_DFP\2.2.0\Drivers\CMSIS\Device\ST\STM32F4xx\Include

<h2>Collection of Component Files used:</h2>
</pre>
</body>
</html>
